Startpoint: io_read_readMEM1_result_in_data[25] (input port clocked by core_clk)
Endpoint: io_readX0_result_in_enable (output port clocked by core_clk)
Path Group: core_clk
Path Type: max

  Delay    Time   Description
---------------------------------------------------------
   0.00    0.00   clock core_clk (rise edge)
   0.00    0.00   clock network delay (ideal)
   1.00    1.00 ^ input external delay
   0.00    1.00 ^ io_read_readMEM1_result_in_data[25] (in)
   0.74    1.74 ^ _0923_/Y (sky130_fd_sc_hd__nor4bb_1)
   0.25    1.99 v _0925_/Y (sky130_fd_sc_hd__nand3b_1)
   0.29    2.28 ^ _1548_/Y (sky130_fd_sc_hd__o311ai_0)
   0.14    2.42 ^ _1549_/X (sky130_fd_sc_hd__lpflow_inputiso1p_1)
   0.11    2.54 ^ _1555_/X (sky130_fd_sc_hd__o31a_1)
   0.11    2.65 ^ _1558_/X (sky130_fd_sc_hd__and3b_1)
   0.00    2.65 ^ io_readX0_result_in_enable (out)
           2.65   data arrival time

   5.00    5.00   clock core_clk (rise edge)
   0.00    5.00   clock network delay (ideal)
   0.00    5.00   clock reconvergence pessimism
  -1.00    4.00   output external delay
           4.00   data required time
---------------------------------------------------------
           4.00   data required time
          -2.65   data arrival time
---------------------------------------------------------
           1.35   slack (MET)
