
 /----------------------------------------------------------------------------\
 |  yosys -- Yosys Open SYnthesis Suite                                       |
 |  Copyright (C) 2012 - 2025  Claire Xenia Wolf <claire@yosyshq.com>         |
 |  Distributed under an ISC-like license, type "license" to see terms        |
 \----------------------------------------------------------------------------/
 Yosys 0.58 (git sha1 157aabb5831cc77d08346001c4a085f188d7c736, clang++ 17.0.0 -fPIC -O3)

-- Executing script file `script.ys' --

1. Executing Verilog-2005 frontend: rtl/decode_vdt_generated.sv
Parsing SystemVerilog input from `rtl/decode_vdt_generated.sv' to AST representation.
verilog frontend filename rtl/decode_vdt_generated.sv
Generating RTLIL representation for module `\DECODE'.
Successfully finished Verilog frontend.

2. Executing HIERARCHY pass (managing design hierarchy).

2.1. Analyzing design hierarchy..
Top module:  \DECODE

2.2. Analyzing design hierarchy..
Top module:  \DECODE
Removed 0 unused modules.

3. Executing PROC pass (convert processes to netlists).

3.1. Executing PROC_CLEAN pass (remove empty switches from decision trees).
Cleaned up 0 empty switches.

3.2. Executing PROC_RMDEAD pass (remove dead branches from decision trees).
Marked 1 switch rules as full_case in process $proc$rtl/decode_vdt_generated.sv:163$95 in module DECODE.
Removed a total of 0 dead cases.

3.3. Executing PROC_PRUNE pass (remove redundant assignments in processes).
Removed 0 redundant assignments.
Promoted 0 assignments to connections.

3.4. Executing PROC_INIT pass (extract init attributes).

3.5. Executing PROC_ARST pass (detect async resets in processes).

3.6. Executing PROC_ROM pass (convert switches to ROMs).
Converted 0 switches.
<suppressed ~2 debug messages>

3.7. Executing PROC_MUX pass (convert decision trees to multiplexers).
Creating decoders for process `\DECODE.$proc$rtl/decode_vdt_generated.sv:163$95'.
     1/21: $0\writePC1_value[31:0]
     2/21: $0\readMEM1_addr[31:0]
     3/21: $0\readX1_result[31:0]
     4/21: $0\readX0_result[31:0]
     5/21: $0\invalid_insn[0:0]
     6/21: $0\sel_readMEM0_addr[4:0]
     7/21: $0\bin_writeX0_value[2:0]
     8/21: $0\sel_writeMEM0_words[1:0]
     9/21: $0\bin_readMEM0_words[1:0]
    10/21: $0\bin_writePC0_value[1:0]
    11/21: $0\n248[2:0]
    12/21: $0\is_L[0:0]
    13/21: $0\is_S[0:0]
    14/21: $0\is_JALRBEQBLTBGEBGEUBNEJALBLTU[0:0]
    15/21: $0\writeX0_enable[0:0]
    16/21: $0\n204[31:0]
    17/21: $0\rs2_neq_0[0:0]
    18/21: $0\rs1_neq_0[0:0]
    19/21: $0\readMEM0_addr[31:0]
    20/21: $0\rs2[4:0]
    21/21: $0\rd[4:0]

3.8. Executing PROC_DLATCH pass (convert process syncs to latches).

3.9. Executing PROC_DFF pass (convert process syncs to FFs).
Creating register for signal `\DECODE.\rd' using process `\DECODE.$proc$rtl/decode_vdt_generated.sv:163$95'.
  created $dff cell `$procdff$414' with positive edge clock.
Creating register for signal `\DECODE.\rs2' using process `\DECODE.$proc$rtl/decode_vdt_generated.sv:163$95'.
  created $dff cell `$procdff$415' with positive edge clock.
Creating register for signal `\DECODE.\readMEM0_addr' using process `\DECODE.$proc$rtl/decode_vdt_generated.sv:163$95'.
  created $dff cell `$procdff$416' with positive edge clock.
Creating register for signal `\DECODE.\rs1_neq_0' using process `\DECODE.$proc$rtl/decode_vdt_generated.sv:163$95'.
  created $dff cell `$procdff$417' with positive edge clock.
Creating register for signal `\DECODE.\rs2_neq_0' using process `\DECODE.$proc$rtl/decode_vdt_generated.sv:163$95'.
  created $dff cell `$procdff$418' with positive edge clock.
Creating register for signal `\DECODE.\n204' using process `\DECODE.$proc$rtl/decode_vdt_generated.sv:163$95'.
  created $dff cell `$procdff$419' with positive edge clock.
Creating register for signal `\DECODE.\writeX0_enable' using process `\DECODE.$proc$rtl/decode_vdt_generated.sv:163$95'.
  created $dff cell `$procdff$420' with positive edge clock.
Creating register for signal `\DECODE.\is_JALRBEQBLTBGEBGEUBNEJALBLTU' using process `\DECODE.$proc$rtl/decode_vdt_generated.sv:163$95'.
  created $dff cell `$procdff$421' with positive edge clock.
Creating register for signal `\DECODE.\is_S' using process `\DECODE.$proc$rtl/decode_vdt_generated.sv:163$95'.
  created $dff cell `$procdff$422' with positive edge clock.
Creating register for signal `\DECODE.\is_L' using process `\DECODE.$proc$rtl/decode_vdt_generated.sv:163$95'.
  created $dff cell `$procdff$423' with positive edge clock.
Creating register for signal `\DECODE.\n248' using process `\DECODE.$proc$rtl/decode_vdt_generated.sv:163$95'.
  created $dff cell `$procdff$424' with positive edge clock.
Creating register for signal `\DECODE.\bin_writePC0_value' using process `\DECODE.$proc$rtl/decode_vdt_generated.sv:163$95'.
  created $dff cell `$procdff$425' with positive edge clock.
Creating register for signal `\DECODE.\bin_readMEM0_words' using process `\DECODE.$proc$rtl/decode_vdt_generated.sv:163$95'.
  created $dff cell `$procdff$426' with positive edge clock.
Creating register for signal `\DECODE.\sel_writeMEM0_words' using process `\DECODE.$proc$rtl/decode_vdt_generated.sv:163$95'.
  created $dff cell `$procdff$427' with positive edge clock.
Creating register for signal `\DECODE.\bin_writeX0_value' using process `\DECODE.$proc$rtl/decode_vdt_generated.sv:163$95'.
  created $dff cell `$procdff$428' with positive edge clock.
Creating register for signal `\DECODE.\sel_readMEM0_addr' using process `\DECODE.$proc$rtl/decode_vdt_generated.sv:163$95'.
  created $dff cell `$procdff$429' with positive edge clock.
Creating register for signal `\DECODE.\invalid_insn' using process `\DECODE.$proc$rtl/decode_vdt_generated.sv:163$95'.
  created $dff cell `$procdff$430' with positive edge clock.
Creating register for signal `\DECODE.\readX0_result' using process `\DECODE.$proc$rtl/decode_vdt_generated.sv:163$95'.
  created $dff cell `$procdff$431' with positive edge clock.
Creating register for signal `\DECODE.\readX1_result' using process `\DECODE.$proc$rtl/decode_vdt_generated.sv:163$95'.
  created $dff cell `$procdff$432' with positive edge clock.
Creating register for signal `\DECODE.\readMEM1_addr' using process `\DECODE.$proc$rtl/decode_vdt_generated.sv:163$95'.
  created $dff cell `$procdff$433' with positive edge clock.
Creating register for signal `\DECODE.\writePC1_value' using process `\DECODE.$proc$rtl/decode_vdt_generated.sv:163$95'.
  created $dff cell `$procdff$434' with positive edge clock.

3.10. Executing PROC_MEMWR pass (convert process memory writes to cells).

3.11. Executing PROC_CLEAN pass (remove empty switches from decision trees).
Found and cleaned up 2 empty switches in `\DECODE.$proc$rtl/decode_vdt_generated.sv:163$95'.
Removing empty process `DECODE.$proc$rtl/decode_vdt_generated.sv:163$95'.
Cleaned up 2 empty switches.

3.12. Executing OPT_EXPR pass (perform const folding).
Optimizing module DECODE.
<suppressed ~4 debug messages>

4. Executing OPT pass (performing simple optimizations).

4.1. Executing OPT_EXPR pass (perform const folding).
Optimizing module DECODE.
<suppressed ~2 debug messages>

4.2. Executing OPT_MERGE pass (detect identical cells).
Finding identical cells in module `\DECODE'.
<suppressed ~240 debug messages>
Removed a total of 80 cells.

4.3. Executing OPT_MUXTREE pass (detect dead branches in mux trees).
Running muxtree optimizer on module \DECODE..
  Creating internal representation of mux trees.
  Evaluating internal representation of mux trees.
  Analyzing evaluation results.
Removed 0 multiplexer ports.
<suppressed ~169 debug messages>

4.4. Executing OPT_REDUCE pass (consolidate $*mux and $reduce_* inputs).
  Optimizing cells in module \DECODE.
Performed a total of 0 changes.

4.5. Executing OPT_MERGE pass (detect identical cells).
Finding identical cells in module `\DECODE'.
<suppressed ~3 debug messages>
Removed a total of 1 cells.

4.6. Executing OPT_DFF pass (perform DFF optimizations).
Adding SRST signal on $procdff$434 ($dff) from module DECODE (D = $procmux$309_Y, Q = \writePC1_value, rval = 0).
Adding EN signal on $auto$ff.cc:266:slice$435 ($sdff) from module DECODE (D = \io_read_writePC1_value_in_data, Q = \writePC1_value).
Adding SRST signal on $procdff$433 ($dff) from module DECODE (D = $procmux$314_Y, Q = \readMEM1_addr, rval = 0).
Adding EN signal on $auto$ff.cc:266:slice$437 ($sdff) from module DECODE (D = \io_read_readMEM1_addr_in_data, Q = \readMEM1_addr).
Adding SRST signal on $procdff$432 ($dff) from module DECODE (D = $procmux$319_Y, Q = \readX1_result, rval = 0).
Adding EN signal on $auto$ff.cc:266:slice$439 ($sdff) from module DECODE (D = $ternary$rtl/decode_vdt_generated.sv:132$85_Y, Q = \readX1_result).
Adding SRST signal on $procdff$431 ($dff) from module DECODE (D = $procmux$324_Y, Q = \readX0_result, rval = 0).
Adding EN signal on $auto$ff.cc:266:slice$441 ($sdff) from module DECODE (D = $ternary$rtl/decode_vdt_generated.sv:129$76_Y, Q = \readX0_result).
Adding SRST signal on $procdff$414 ($dff) from module DECODE (D = $procmux$409_Y, Q = \rd, rval = 5'00000).
Adding EN signal on $auto$ff.cc:266:slice$443 ($sdff) from module DECODE (D = \io_read_readMEM1_result_in_data [11:7], Q = \rd).
Adding SRST signal on $procdff$415 ($dff) from module DECODE (D = $procmux$404_Y, Q = \rs2, rval = 5'00000).
Adding EN signal on $auto$ff.cc:266:slice$445 ($sdff) from module DECODE (D = \io_read_readMEM1_result_in_data [24:20], Q = \rs2).
Adding SRST signal on $procdff$416 ($dff) from module DECODE (D = $procmux$399_Y, Q = \readMEM0_addr, rval = 0).
Adding EN signal on $auto$ff.cc:266:slice$447 ($sdff) from module DECODE (D = { \io_read_readMEM1_result_in_data [31:12] 12'000000000000 }, Q = \readMEM0_addr).
Adding SRST signal on $procdff$417 ($dff) from module DECODE (D = $procmux$394_Y, Q = \rs1_neq_0, rval = 1'0).
Adding EN signal on $auto$ff.cc:266:slice$449 ($sdff) from module DECODE (D = $reduce_or$rtl/decode_vdt_generated.sv:191$96_Y, Q = \rs1_neq_0).
Adding SRST signal on $procdff$418 ($dff) from module DECODE (D = $procmux$389_Y, Q = \rs2_neq_0, rval = 1'0).
Adding EN signal on $auto$ff.cc:266:slice$451 ($sdff) from module DECODE (D = $reduce_or$rtl/decode_vdt_generated.sv:192$97_Y, Q = \rs2_neq_0).
Adding SRST signal on $procdff$419 ($dff) from module DECODE (D = $procmux$384_Y, Q = \n204, rval = 0).
Adding EN signal on $auto$ff.cc:266:slice$453 ($sdff) from module DECODE (D = $shiftx$rtl/decode_vdt_generated.sv:194$119_Y, Q = \n204).
Adding SRST signal on $procdff$420 ($dff) from module DECODE (D = $procmux$379_Y, Q = \writeX0_enable, rval = 1'0).
Adding EN signal on $auto$ff.cc:266:slice$455 ($sdff) from module DECODE (D = $and$rtl/decode_vdt_generated.sv:207$130_Y, Q = \writeX0_enable).
Adding SRST signal on $procdff$421 ($dff) from module DECODE (D = $procmux$374_Y, Q = \is_JALRBEQBLTBGEBGEUBNEJALBLTU, rval = 1'0).
Adding EN signal on $auto$ff.cc:266:slice$457 ($sdff) from module DECODE (D = $and$rtl/decode_vdt_generated.sv:216$140_Y, Q = \is_JALRBEQBLTBGEBGEUBNEJALBLTU).
Adding SRST signal on $procdff$422 ($dff) from module DECODE (D = $procmux$369_Y, Q = \is_S, rval = 1'0).
Adding EN signal on $auto$ff.cc:266:slice$459 ($sdff) from module DECODE (D = $and$rtl/decode_vdt_generated.sv:220$145_Y, Q = \is_S).
Adding SRST signal on $procdff$423 ($dff) from module DECODE (D = $procmux$364_Y, Q = \is_L, rval = 1'0).
Adding EN signal on $auto$ff.cc:266:slice$461 ($sdff) from module DECODE (D = $and$rtl/decode_vdt_generated.sv:221$150_Y, Q = \is_L).
Adding SRST signal on $procdff$424 ($dff) from module DECODE (D = $procmux$359_Y, Q = \n248, rval = 3'000).
Adding EN signal on $auto$ff.cc:266:slice$463 ($sdff) from module DECODE (D = $ternary$rtl/decode_vdt_generated.sv:223$166_Y, Q = \n248).
Adding SRST signal on $procdff$425 ($dff) from module DECODE (D = $procmux$354_Y, Q = \bin_writePC0_value, rval = 2'00).
Adding EN signal on $auto$ff.cc:266:slice$465 ($sdff) from module DECODE (D = $ternary$rtl/decode_vdt_generated.sv:243$172_Y, Q = \bin_writePC0_value).
Adding SRST signal on $procdff$426 ($dff) from module DECODE (D = $procmux$349_Y, Q = \bin_readMEM0_words, rval = 2'00).
Adding EN signal on $auto$ff.cc:266:slice$467 ($sdff) from module DECODE (D = $ternary$rtl/decode_vdt_generated.sv:249$180_Y, Q = \bin_readMEM0_words).
Adding SRST signal on $procdff$427 ($dff) from module DECODE (D = $procmux$344_Y, Q = \sel_writeMEM0_words, rval = 2'00).
Adding EN signal on $auto$ff.cc:266:slice$469 ($sdff) from module DECODE (D = $ternary$rtl/decode_vdt_generated.sv:257$185_Y, Q = \sel_writeMEM0_words).
Adding SRST signal on $procdff$428 ($dff) from module DECODE (D = $procmux$339_Y, Q = \bin_writeX0_value, rval = 3'000).
Adding EN signal on $auto$ff.cc:266:slice$471 ($sdff) from module DECODE (D = $ternary$rtl/decode_vdt_generated.sv:259$228_Y, Q = \bin_writeX0_value).
Adding SRST signal on $procdff$429 ($dff) from module DECODE (D = $procmux$334_Y, Q = \sel_readMEM0_addr, rval = 5'00000).
Adding EN signal on $auto$ff.cc:266:slice$473 ($sdff) from module DECODE (D = $ternary$rtl/decode_vdt_generated.sv:288$269_Y, Q = \sel_readMEM0_addr).
Adding SRST signal on $procdff$430 ($dff) from module DECODE (D = $procmux$329_Y, Q = \invalid_insn, rval = 1'0).
Adding EN signal on $auto$ff.cc:266:slice$475 ($sdff) from module DECODE (D = $ternary$rtl/decode_vdt_generated.sv:330$302_Y, Q = \invalid_insn).
Setting constant 0-bit at position 0 on $auto$ff.cc:266:slice$448 ($sdffe) from module DECODE.
Setting constant 0-bit at position 1 on $auto$ff.cc:266:slice$448 ($sdffe) from module DECODE.
Setting constant 0-bit at position 2 on $auto$ff.cc:266:slice$448 ($sdffe) from module DECODE.
Setting constant 0-bit at position 3 on $auto$ff.cc:266:slice$448 ($sdffe) from module DECODE.
Setting constant 0-bit at position 4 on $auto$ff.cc:266:slice$448 ($sdffe) from module DECODE.
Setting constant 0-bit at position 5 on $auto$ff.cc:266:slice$448 ($sdffe) from module DECODE.
Setting constant 0-bit at position 6 on $auto$ff.cc:266:slice$448 ($sdffe) from module DECODE.
Setting constant 0-bit at position 7 on $auto$ff.cc:266:slice$448 ($sdffe) from module DECODE.
Setting constant 0-bit at position 8 on $auto$ff.cc:266:slice$448 ($sdffe) from module DECODE.
Setting constant 0-bit at position 9 on $auto$ff.cc:266:slice$448 ($sdffe) from module DECODE.
Setting constant 0-bit at position 10 on $auto$ff.cc:266:slice$448 ($sdffe) from module DECODE.
Setting constant 0-bit at position 11 on $auto$ff.cc:266:slice$448 ($sdffe) from module DECODE.

4.7. Executing OPT_CLEAN pass (remove unused cells and wires).
Finding unused cells or wires in module \DECODE..
Removed 42 unused cells and 238 unused wires.
<suppressed ~43 debug messages>

4.8. Executing OPT_EXPR pass (perform const folding).
Optimizing module DECODE.

4.9. Rerunning OPT passes. (Maybe there is more to do..)

4.10. Executing OPT_MUXTREE pass (detect dead branches in mux trees).
Running muxtree optimizer on module \DECODE..
  Creating internal representation of mux trees.
  Evaluating internal representation of mux trees.
  Analyzing evaluation results.
Removed 0 multiplexer ports.
<suppressed ~114 debug messages>

4.11. Executing OPT_REDUCE pass (consolidate $*mux and $reduce_* inputs).
  Optimizing cells in module \DECODE.
Performed a total of 0 changes.

4.12. Executing OPT_MERGE pass (detect identical cells).
Finding identical cells in module `\DECODE'.
Removed a total of 0 cells.

4.13. Executing OPT_DFF pass (perform DFF optimizations).

4.14. Executing OPT_CLEAN pass (remove unused cells and wires).
Finding unused cells or wires in module \DECODE..

4.15. Executing OPT_EXPR pass (perform const folding).
Optimizing module DECODE.

4.16. Finished fast OPT passes. (There is nothing left to do.)

5. Executing FSM pass (extract and optimize FSM).

5.1. Executing FSM_DETECT pass (finding FSMs in design).

5.2. Executing FSM_EXTRACT pass (extracting FSM from design).

5.3. Executing FSM_OPT pass (simple optimizations of FSMs).

5.4. Executing OPT_CLEAN pass (remove unused cells and wires).
Finding unused cells or wires in module \DECODE..

5.5. Executing FSM_OPT pass (simple optimizations of FSMs).

5.6. Executing FSM_RECODE pass (re-assigning FSM state encoding).

5.7. Executing FSM_INFO pass (dumping all available information on FSM cells).

5.8. Executing FSM_MAP pass (mapping FSMs to basic logic).

6. Executing OPT pass (performing simple optimizations).

6.1. Executing OPT_EXPR pass (perform const folding).
Optimizing module DECODE.

6.2. Executing OPT_MERGE pass (detect identical cells).
Finding identical cells in module `\DECODE'.
Removed a total of 0 cells.

6.3. Executing OPT_MUXTREE pass (detect dead branches in mux trees).
Running muxtree optimizer on module \DECODE..
  Creating internal representation of mux trees.
  Evaluating internal representation of mux trees.
  Analyzing evaluation results.
Removed 0 multiplexer ports.
<suppressed ~114 debug messages>

6.4. Executing OPT_REDUCE pass (consolidate $*mux and $reduce_* inputs).
  Optimizing cells in module \DECODE.
Performed a total of 0 changes.

6.5. Executing OPT_MERGE pass (detect identical cells).
Finding identical cells in module `\DECODE'.
Removed a total of 0 cells.

6.6. Executing OPT_DFF pass (perform DFF optimizations).

6.7. Executing OPT_CLEAN pass (remove unused cells and wires).
Finding unused cells or wires in module \DECODE..

6.8. Executing OPT_EXPR pass (perform const folding).
Optimizing module DECODE.

6.9. Finished fast OPT passes. (There is nothing left to do.)

7. Executing MEMORY pass.

7.1. Executing OPT_MEM pass (optimize memories).
Performed a total of 0 transformations.

7.2. Executing OPT_MEM_PRIORITY pass (removing unnecessary memory write priority relations).
Performed a total of 0 transformations.

7.3. Executing OPT_MEM_FEEDBACK pass (finding memory read-to-write feedback paths).

7.4. Executing MEMORY_BMUX2ROM pass (converting muxes to ROMs).

7.5. Executing MEMORY_DFF pass (merging $dff cells to $memrd).

7.6. Executing OPT_CLEAN pass (remove unused cells and wires).
Finding unused cells or wires in module \DECODE..

7.7. Executing MEMORY_SHARE pass (consolidating $memrd/$memwr cells).

7.8. Executing OPT_MEM_WIDEN pass (optimize memories where all ports are wide).
Performed a total of 0 transformations.

7.9. Executing OPT_CLEAN pass (remove unused cells and wires).
Finding unused cells or wires in module \DECODE..

7.10. Executing MEMORY_COLLECT pass (generating $mem cells).

7.11. Executing MEMORY_MAP pass (converting memories to logic and flip-flops).

8. Executing OPT pass (performing simple optimizations).

8.1. Executing OPT_EXPR pass (perform const folding).
Optimizing module DECODE.

8.2. Executing OPT_MERGE pass (detect identical cells).
Finding identical cells in module `\DECODE'.
Removed a total of 0 cells.

8.3. Executing OPT_MUXTREE pass (detect dead branches in mux trees).
Running muxtree optimizer on module \DECODE..
  Creating internal representation of mux trees.
  Evaluating internal representation of mux trees.
  Analyzing evaluation results.
Removed 0 multiplexer ports.
<suppressed ~114 debug messages>

8.4. Executing OPT_REDUCE pass (consolidate $*mux and $reduce_* inputs).
  Optimizing cells in module \DECODE.
Performed a total of 0 changes.

8.5. Executing OPT_MERGE pass (detect identical cells).
Finding identical cells in module `\DECODE'.
Removed a total of 0 cells.

8.6. Executing OPT_DFF pass (perform DFF optimizations).

8.7. Executing OPT_CLEAN pass (remove unused cells and wires).
Finding unused cells or wires in module \DECODE..

8.8. Executing OPT_EXPR pass (perform const folding).
Optimizing module DECODE.

8.9. Finished fast OPT passes. (There is nothing left to do.)

9. Executing TECHMAP pass (map to technology primitives).

9.1. Executing Verilog-2005 frontend: /opt/homebrew/bin/../share/yosys/techmap.v
Parsing Verilog input from `/opt/homebrew/bin/../share/yosys/techmap.v' to AST representation.
verilog frontend filename /opt/homebrew/bin/../share/yosys/techmap.v
Generating RTLIL representation for module `\_90_simplemap_bool_ops'.
Generating RTLIL representation for module `\_90_simplemap_reduce_ops'.
Generating RTLIL representation for module `\_90_simplemap_logic_ops'.
Generating RTLIL representation for module `\_90_simplemap_compare_ops'.
Generating RTLIL representation for module `\_90_simplemap_various'.
Generating RTLIL representation for module `\_90_simplemap_registers'.
Generating RTLIL representation for module `\_90_shift_ops_shr_shl_sshl_sshr'.
Generating RTLIL representation for module `\_90_shift_shiftx'.
Generating RTLIL representation for module `\_90_fa'.
Generating RTLIL representation for module `\_90_lcu_brent_kung'.
Generating RTLIL representation for module `\_90_alu'.
Generating RTLIL representation for module `\_90_macc'.
Generating RTLIL representation for module `\_90_alumacc'.
Generating RTLIL representation for module `\$__div_mod_u'.
Generating RTLIL representation for module `\$__div_mod_trunc'.
Generating RTLIL representation for module `\_90_div'.
Generating RTLIL representation for module `\_90_mod'.
Generating RTLIL representation for module `\$__div_mod_floor'.
Generating RTLIL representation for module `\_90_divfloor'.
Generating RTLIL representation for module `\_90_modfloor'.
Generating RTLIL representation for module `\_90_pow'.
Generating RTLIL representation for module `\_90_pmux'.
Generating RTLIL representation for module `\_90_demux'.
Generating RTLIL representation for module `\_90_lut'.
Generating RTLIL representation for module `\$connect'.
Generating RTLIL representation for module `\$input_port'.
Successfully finished Verilog frontend.

9.2. Continuing TECHMAP pass.
Using extmapper simplemap for cells of type $eq.
Using extmapper simplemap for cells of type $sdffe.
Using extmapper simplemap for cells of type $mux.
Using extmapper simplemap for cells of type $or.
Using extmapper simplemap for cells of type $logic_not.
Using extmapper simplemap for cells of type $and.
Using extmapper simplemap for cells of type $not.
Using extmapper simplemap for cells of type $reduce_or.
Using template $paramod$constmap:86717f6f15d0955c61ab234f7bd18cc6c0097304$paramod$0c21f80b6f4f05964b409702e14688bcf215bd07\_90_shift_shiftx for cells of type $shiftx.
Using extmapper simplemap for cells of type $reduce_and.
Using extmapper simplemap for cells of type $ne.
No more expansions possible.
<suppressed ~943 debug messages>

10. Executing OPT pass (performing simple optimizations).

10.1. Executing OPT_EXPR pass (perform const folding).
Optimizing module DECODE.
<suppressed ~3942 debug messages>

10.2. Executing OPT_MERGE pass (detect identical cells).
Finding identical cells in module `\DECODE'.
<suppressed ~1794 debug messages>
Removed a total of 598 cells.

10.3. Executing OPT_MUXTREE pass (detect dead branches in mux trees).
Running muxtree optimizer on module \DECODE..
  Creating internal representation of mux trees.
  No muxes found in this module.
Removed 0 multiplexer ports.

10.4. Executing OPT_REDUCE pass (consolidate $*mux and $reduce_* inputs).
  Optimizing cells in module \DECODE.
Performed a total of 0 changes.

10.5. Executing OPT_MERGE pass (detect identical cells).
Finding identical cells in module `\DECODE'.
Removed a total of 0 cells.

10.6. Executing OPT_DFF pass (perform DFF optimizations).

10.7. Executing OPT_CLEAN pass (remove unused cells and wires).
Finding unused cells or wires in module \DECODE..
Removed 172 unused cells and 205 unused wires.
<suppressed ~173 debug messages>

10.8. Executing OPT_EXPR pass (perform const folding).
Optimizing module DECODE.

10.9. Rerunning OPT passes. (Maybe there is more to do..)

10.10. Executing OPT_MUXTREE pass (detect dead branches in mux trees).
Running muxtree optimizer on module \DECODE..
  Creating internal representation of mux trees.
  No muxes found in this module.
Removed 0 multiplexer ports.

10.11. Executing OPT_REDUCE pass (consolidate $*mux and $reduce_* inputs).
  Optimizing cells in module \DECODE.
Performed a total of 0 changes.

10.12. Executing OPT_MERGE pass (detect identical cells).
Finding identical cells in module `\DECODE'.
Removed a total of 0 cells.

10.13. Executing OPT_DFF pass (perform DFF optimizations).

10.14. Executing OPT_CLEAN pass (remove unused cells and wires).
Finding unused cells or wires in module \DECODE..

10.15. Executing OPT_EXPR pass (perform const folding).
Optimizing module DECODE.

10.16. Finished fast OPT passes. (There is nothing left to do.)

11. Executing DFFLIBMAP pass (mapping DFF cells to sequential cells from liberty file).
  cell sky130_fd_sc_hd__dfxtp_1 (noninv, pins=3, area=20.02) is a direct match for cell type $_DFF_P_.
  cell sky130_fd_sc_hd__dfrtn_1 (noninv, pins=4, area=25.02) is a direct match for cell type $_DFF_NN0_.
  cell sky130_fd_sc_hd__dfrtp_1 (noninv, pins=4, area=25.02) is a direct match for cell type $_DFF_PN0_.
  cell sky130_fd_sc_hd__dfstp_2 (noninv, pins=4, area=26.28) is a direct match for cell type $_DFF_PN1_.
  cell sky130_fd_sc_hd__edfxtp_1 (noninv, pins=4, area=30.03) is a direct match for cell type $_DFFE_PP_.
  cell sky130_fd_sc_hd__dfbbn_1 (noninv, pins=6, area=32.53) is a direct match for cell type $_DFFSR_NNN_.
  cell sky130_fd_sc_hd__dfbbp_1 (noninv, pins=6, area=32.53) is a direct match for cell type $_DFFSR_PNN_.
  final dff cell mappings:
    unmapped dff cell: $_DFF_N_
    \sky130_fd_sc_hd__dfxtp_1 _DFF_P_ (.CLK( C), .D( D), .Q( Q));
    \sky130_fd_sc_hd__dfrtn_1 _DFF_NN0_ (.CLK_N( C), .D( D), .Q( Q), .RESET_B( R));
    unmapped dff cell: $_DFF_NN1_
    unmapped dff cell: $_DFF_NP0_
    unmapped dff cell: $_DFF_NP1_
    \sky130_fd_sc_hd__dfrtp_1 _DFF_PN0_ (.CLK( C), .D( D), .Q( Q), .RESET_B( R));
    \sky130_fd_sc_hd__dfstp_2 _DFF_PN1_ (.CLK( C), .D( D), .Q( Q), .SET_B( R));
    unmapped dff cell: $_DFF_PP0_
    unmapped dff cell: $_DFF_PP1_
    unmapped dff cell: $_DFFE_NN_
    unmapped dff cell: $_DFFE_NP_
    unmapped dff cell: $_DFFE_PN_
    \sky130_fd_sc_hd__edfxtp_1 _DFFE_PP_ (.CLK( C), .D( D), .DE( E), .Q( Q));
    \sky130_fd_sc_hd__dfbbn_1 _DFFSR_NNN_ (.CLK_N( C), .D( D), .Q( Q), .Q_N(~Q), .RESET_B( R), .SET_B( S));
    unmapped dff cell: $_DFFSR_NNP_
    unmapped dff cell: $_DFFSR_NPN_
    unmapped dff cell: $_DFFSR_NPP_
    \sky130_fd_sc_hd__dfbbp_1 _DFFSR_PNN_ (.CLK( C), .D( D), .Q( Q), .Q_N(~Q), .RESET_B( R), .SET_B( S));
    unmapped dff cell: $_DFFSR_PNP_
    unmapped dff cell: $_DFFSR_PPN_
    unmapped dff cell: $_DFFSR_PPP_

11.1. Executing DFFLEGALIZE pass (convert FFs to types supported by the target).
<suppressed ~24 debug messages>
Mapping DFF cells in module `\DECODE':
  mapped 209 $_DFF_P_ cells to \sky130_fd_sc_hd__dfxtp_1 cells.

12. Executing ABC pass (technology mapping using ABC).

12.1. Extracting gate netlist of module `\DECODE' to `<abc-temp-dir>/input.blif'..

12.1.1. Executed ABC.
Extracted 983 gates and 1422 wires to a netlist network with 437 inputs and 213 outputs.
Running ABC script: <abc-temp-dir>/abc.script
ABC: ABC command line: "source <abc-temp-dir>/abc.script".
ABC: 
ABC: + read_blif <abc-temp-dir>/input.blif 
ABC: + read_lib -w /Users/matthias/Documents/uni/vadl/chisel/vadl-hwsyn/yosys/lib/sky130_fd_sc_hd__tt_025C_1v80.lib 
ABC: Parsing finished successfully.  Parsing time =     0.07 sec
ABC: Scl_LibertyReadGenlib() skipped cell "sky130_fd_sc_hd__decap_12" without logic function.
ABC: Scl_LibertyReadGenlib() skipped cell "sky130_fd_sc_hd__decap_3" without logic function.
ABC: Scl_LibertyReadGenlib() skipped cell "sky130_fd_sc_hd__decap_4" without logic function.
ABC: Scl_LibertyReadGenlib() skipped cell "sky130_fd_sc_hd__decap_6" without logic function.
ABC: Scl_LibertyReadGenlib() skipped cell "sky130_fd_sc_hd__decap_8" without logic function.
ABC: Scl_LibertyReadGenlib() skipped sequential cell "sky130_fd_sc_hd__dfbbn_1".
ABC: Scl_LibertyReadGenlib() skipped sequential cell "sky130_fd_sc_hd__dfbbn_2".
ABC: Scl_LibertyReadGenlib() skipped sequential cell "sky130_fd_sc_hd__dfbbp_1".
ABC: Scl_LibertyReadGenlib() skipped sequential cell "sky130_fd_sc_hd__dfrbp_1".
ABC: Scl_LibertyReadGenlib() skipped sequential cell "sky130_fd_sc_hd__dfrbp_2".
ABC: Scl_LibertyReadGenlib() skipped sequential cell "sky130_fd_sc_hd__dfrtn_1".
ABC: Scl_LibertyReadGenlib() skipped sequential cell "sky130_fd_sc_hd__dfrtp_1".
ABC: Scl_LibertyReadGenlib() skipped sequential cell "sky130_fd_sc_hd__dfrtp_2".
ABC: Scl_LibertyReadGenlib() skipped sequential cell "sky130_fd_sc_hd__dfrtp_4".
ABC: Scl_LibertyReadGenlib() skipped sequential cell "sky130_fd_sc_hd__dfsbp_1".
ABC: Scl_LibertyReadGenlib() skipped sequential cell "sky130_fd_sc_hd__dfsbp_2".
ABC: Scl_LibertyReadGenlib() skipped sequential cell "sky130_fd_sc_hd__dfstp_1".
ABC: Scl_LibertyReadGenlib() skipped sequential cell "sky130_fd_sc_hd__dfstp_2".
ABC: Scl_LibertyReadGenlib() skipped sequential cell "sky130_fd_sc_hd__dfstp_4".
ABC: Scl_LibertyReadGenlib() skipped sequential cell "sky130_fd_sc_hd__dfxbp_1".
ABC: Scl_LibertyReadGenlib() skipped sequential cell "sky130_fd_sc_hd__dfxbp_2".
ABC: Scl_LibertyReadGenlib() skipped sequential cell "sky130_fd_sc_hd__dfxtp_1".
ABC: Scl_LibertyReadGenlib() skipped sequential cell "sky130_fd_sc_hd__dfxtp_2".
ABC: Scl_LibertyReadGenlib() skipped sequential cell "sky130_fd_sc_hd__dfxtp_4".
ABC: Scl_LibertyReadGenlib() skipped cell "sky130_fd_sc_hd__diode_2" without logic function.
ABC: Scl_LibertyReadGenlib() skipped cell "sky130_fd_sc_hd__dlclkp_1" without logic function.
ABC: Scl_LibertyReadGenlib() skipped cell "sky130_fd_sc_hd__dlclkp_2" without logic function.
ABC: Scl_LibertyReadGenlib() skipped cell "sky130_fd_sc_hd__dlclkp_4" without logic function.
ABC: Scl_LibertyReadGenlib() skipped sequential cell "sky130_fd_sc_hd__dlrbn_1".
ABC: Scl_LibertyReadGenlib() skipped sequential cell "sky130_fd_sc_hd__dlrbn_2".
ABC: Scl_LibertyReadGenlib() skipped sequential cell "sky130_fd_sc_hd__dlrbp_1".
ABC: Scl_LibertyReadGenlib() skipped sequential cell "sky130_fd_sc_hd__dlrbp_2".
ABC: Scl_LibertyReadGenlib() skipped sequential cell "sky130_fd_sc_hd__dlrtn_1".
ABC: Scl_LibertyReadGenlib() skipped sequential cell "sky130_fd_sc_hd__dlrtn_2".
ABC: Scl_LibertyReadGenlib() skipped sequential cell "sky130_fd_sc_hd__dlrtn_4".
ABC: Scl_LibertyReadGenlib() skipped sequential cell "sky130_fd_sc_hd__dlrtp_1".
ABC: Scl_LibertyReadGenlib() skipped sequential cell "sky130_fd_sc_hd__dlrtp_2".
ABC: Scl_LibertyReadGenlib() skipped sequential cell "sky130_fd_sc_hd__dlrtp_4".
ABC: Scl_LibertyReadGenlib() skipped sequential cell "sky130_fd_sc_hd__dlxbn_1".
ABC: Scl_LibertyReadGenlib() skipped sequential cell "sky130_fd_sc_hd__dlxbn_2".
ABC: Scl_LibertyReadGenlib() skipped sequential cell "sky130_fd_sc_hd__dlxbp_1".
ABC: Scl_LibertyReadGenlib() skipped sequential cell "sky130_fd_sc_hd__dlxtn_1".
ABC: Scl_LibertyReadGenlib() skipped sequential cell "sky130_fd_sc_hd__dlxtn_2".
ABC: Scl_LibertyReadGenlib() skipped sequential cell "sky130_fd_sc_hd__dlxtn_4".
ABC: Scl_LibertyReadGenlib() skipped sequential cell "sky130_fd_sc_hd__dlxtp_1".
ABC: Scl_LibertyReadGenlib() skipped three-state cell "sky130_fd_sc_hd__ebufn_1".
ABC: Scl_LibertyReadGenlib() skipped three-state cell "sky130_fd_sc_hd__ebufn_2".
ABC: Scl_LibertyReadGenlib() skipped three-state cell "sky130_fd_sc_hd__ebufn_4".
ABC: Scl_LibertyReadGenlib() skipped three-state cell "sky130_fd_sc_hd__ebufn_8".
ABC: Scl_LibertyReadGenlib() skipped sequential cell "sky130_fd_sc_hd__edfxbp_1".
ABC: Scl_LibertyReadGenlib() skipped sequential cell "sky130_fd_sc_hd__edfxtp_1".
ABC: Scl_LibertyReadGenlib() skipped three-state cell "sky130_fd_sc_hd__einvn_0".
ABC: Scl_LibertyReadGenlib() skipped three-state cell "sky130_fd_sc_hd__einvn_1".
ABC: Scl_LibertyReadGenlib() skipped three-state cell "sky130_fd_sc_hd__einvn_2".
ABC: Scl_LibertyReadGenlib() skipped three-state cell "sky130_fd_sc_hd__einvn_4".
ABC: Scl_LibertyReadGenlib() skipped three-state cell "sky130_fd_sc_hd__einvn_8".
ABC: Scl_LibertyReadGenlib() skipped three-state cell "sky130_fd_sc_hd__einvp_1".
ABC: Scl_LibertyReadGenlib() skipped three-state cell "sky130_fd_sc_hd__einvp_2".
ABC: Scl_LibertyReadGenlib() skipped three-state cell "sky130_fd_sc_hd__einvp_4".
ABC: Scl_LibertyReadGenlib() skipped three-state cell "sky130_fd_sc_hd__einvp_8".
ABC: Scl_LibertyReadGenlib() skipped cell "sky130_fd_sc_hd__lpflow_bleeder_1" without logic function.
ABC: Scl_LibertyReadGenlib() skipped cell "sky130_fd_sc_hd__lpflow_decapkapwr_12" without logic function.
ABC: Scl_LibertyReadGenlib() skipped cell "sky130_fd_sc_hd__lpflow_decapkapwr_3" without logic function.
ABC: Scl_LibertyReadGenlib() skipped cell "sky130_fd_sc_hd__lpflow_decapkapwr_4" without logic function.
ABC: Scl_LibertyReadGenlib() skipped cell "sky130_fd_sc_hd__lpflow_decapkapwr_6" without logic function.
ABC: Scl_LibertyReadGenlib() skipped cell "sky130_fd_sc_hd__lpflow_decapkapwr_8" without logic function.
ABC: Scl_LibertyReadGenlib() skipped sequential cell "sky130_fd_sc_hd__lpflow_inputisolatch_1".
ABC: Scl_LibertyReadGenlib() skipped sequential cell "sky130_fd_sc_hd__sdfbbn_1".
ABC: Scl_LibertyReadGenlib() skipped sequential cell "sky130_fd_sc_hd__sdfbbn_2".
ABC: Scl_LibertyReadGenlib() skipped sequential cell "sky130_fd_sc_hd__sdfbbp_1".
ABC: Scl_LibertyReadGenlib() skipped sequential cell "sky130_fd_sc_hd__sdfrbp_1".
ABC: Scl_LibertyReadGenlib() skipped sequential cell "sky130_fd_sc_hd__sdfrbp_2".
ABC: Scl_LibertyReadGenlib() skipped sequential cell "sky130_fd_sc_hd__sdfrtn_1".
ABC: Scl_LibertyReadGenlib() skipped sequential cell "sky130_fd_sc_hd__sdfrtp_1".
ABC: Scl_LibertyReadGenlib() skipped sequential cell "sky130_fd_sc_hd__sdfrtp_2".
ABC: Scl_LibertyReadGenlib() skipped sequential cell "sky130_fd_sc_hd__sdfrtp_4".
ABC: Scl_LibertyReadGenlib() skipped sequential cell "sky130_fd_sc_hd__sdfsbp_1".
ABC: Scl_LibertyReadGenlib() skipped sequential cell "sky130_fd_sc_hd__sdfsbp_2".
ABC: Scl_LibertyReadGenlib() skipped sequential cell "sky130_fd_sc_hd__sdfstp_1".
ABC: Scl_LibertyReadGenlib() skipped sequential cell "sky130_fd_sc_hd__sdfstp_2".
ABC: Scl_LibertyReadGenlib() skipped sequential cell "sky130_fd_sc_hd__sdfstp_4".
ABC: Scl_LibertyReadGenlib() skipped sequential cell "sky130_fd_sc_hd__sdfxbp_1".
ABC: Scl_LibertyReadGenlib() skipped sequential cell "sky130_fd_sc_hd__sdfxbp_2".
ABC: Scl_LibertyReadGenlib() skipped sequential cell "sky130_fd_sc_hd__sdfxtp_1".
ABC: Scl_LibertyReadGenlib() skipped sequential cell "sky130_fd_sc_hd__sdfxtp_2".
ABC: Scl_LibertyReadGenlib() skipped sequential cell "sky130_fd_sc_hd__sdfxtp_4".
ABC: Scl_LibertyReadGenlib() skipped cell "sky130_fd_sc_hd__sdlclkp_1" without logic function.
ABC: Scl_LibertyReadGenlib() skipped cell "sky130_fd_sc_hd__sdlclkp_2" without logic function.
ABC: Scl_LibertyReadGenlib() skipped cell "sky130_fd_sc_hd__sdlclkp_4" without logic function.
ABC: Scl_LibertyReadGenlib() skipped sequential cell "sky130_fd_sc_hd__sedfxbp_1".
ABC: Scl_LibertyReadGenlib() skipped sequential cell "sky130_fd_sc_hd__sedfxbp_2".
ABC: Scl_LibertyReadGenlib() skipped sequential cell "sky130_fd_sc_hd__sedfxtp_1".
ABC: Scl_LibertyReadGenlib() skipped sequential cell "sky130_fd_sc_hd__sedfxtp_2".
ABC: Scl_LibertyReadGenlib() skipped sequential cell "sky130_fd_sc_hd__sedfxtp_4".
ABC: Library "sky130_fd_sc_hd__tt_025C_1v80" from "/Users/matthias/Documents/uni/vadl/chisel/vadl-hwsyn/yosys/lib/sky130_fd_sc_hd__tt_025C_1v80.lib" has 334 cells (94 skipped: 63 seq; 13 tri-state; 18 no func; 0 dont_use; 0 with 2 outputs; 0 with 3+ outputs).  Time =     0.10 sec
ABC: Memory =   19.85 MB. Time =     0.10 sec
ABC: Warning: Detected 9 multi-output cells (for example, "sky130_fd_sc_hd__fa_1").
ABC: + strash 
ABC: + &get -n 
ABC: + &fraig -x 
ABC: + &put 
ABC: + scorr 
ABC: Warning: The network is combinational (run "fraig" or "fraig_sweep").
ABC: + dc2 
ABC: + dretime 
ABC: + strash 
ABC: + &get -n 
ABC: + &dch -f 
ABC: + &nf 
ABC: + &put 
ABC: + write_blif <abc-temp-dir>/output.blif 

12.1.2. Re-integrating ABC results.
ABC RESULTS:   sky130_fd_sc_hd__a2111o_1 cells:        1
ABC RESULTS:   sky130_fd_sc_hd__a2111oi_0 cells:        1
ABC RESULTS:   sky130_fd_sc_hd__a211oi_1 cells:       10
ABC RESULTS:   sky130_fd_sc_hd__a21boi_0 cells:        1
ABC RESULTS:   sky130_fd_sc_hd__a21o_1 cells:        2
ABC RESULTS:   sky130_fd_sc_hd__a21oi_1 cells:      113
ABC RESULTS:   sky130_fd_sc_hd__a22oi_1 cells:        2
ABC RESULTS:   sky130_fd_sc_hd__a311oi_1 cells:        5
ABC RESULTS:   sky130_fd_sc_hd__a31o_1 cells:        1
ABC RESULTS:   sky130_fd_sc_hd__a31oi_1 cells:        4
ABC RESULTS:   sky130_fd_sc_hd__a41o_1 cells:        1
ABC RESULTS:   sky130_fd_sc_hd__and2_0 cells:        4
ABC RESULTS:   sky130_fd_sc_hd__and3_1 cells:        5
ABC RESULTS:   sky130_fd_sc_hd__and3b_1 cells:        3
ABC RESULTS:   sky130_fd_sc_hd__and4b_1 cells:        1
ABC RESULTS:   sky130_fd_sc_hd__clkinv_1 cells:       69
ABC RESULTS:   sky130_fd_sc_hd__lpflow_inputiso1p_1 cells:        1
ABC RESULTS:   sky130_fd_sc_hd__lpflow_isobufsrc_1 cells:        4
ABC RESULTS:   sky130_fd_sc_hd__mux2i_1 cells:       82
ABC RESULTS:   sky130_fd_sc_hd__nand2_1 cells:       49
ABC RESULTS:   sky130_fd_sc_hd__nand2b_1 cells:        3
ABC RESULTS:   sky130_fd_sc_hd__nand3_1 cells:       16
ABC RESULTS:   sky130_fd_sc_hd__nand4_1 cells:        6
ABC RESULTS:   sky130_fd_sc_hd__nand4b_1 cells:        2
ABC RESULTS:   sky130_fd_sc_hd__nor2_1 cells:      193
ABC RESULTS:   sky130_fd_sc_hd__nor3_1 cells:       88
ABC RESULTS:   sky130_fd_sc_hd__nor3b_1 cells:        2
ABC RESULTS:   sky130_fd_sc_hd__nor4_1 cells:        1
ABC RESULTS:   sky130_fd_sc_hd__nor4bb_1 cells:        1
ABC RESULTS:   sky130_fd_sc_hd__o2111ai_1 cells:        2
ABC RESULTS:   sky130_fd_sc_hd__o21a_1 cells:        1
ABC RESULTS:   sky130_fd_sc_hd__o21ai_0 cells:       78
ABC RESULTS:   sky130_fd_sc_hd__o221ai_1 cells:        1
ABC RESULTS:   sky130_fd_sc_hd__o32a_1 cells:        1
ABC RESULTS:   sky130_fd_sc_hd__or3_1 cells:        1
ABC RESULTS:   sky130_fd_sc_hd__or4_1 cells:        1
ABC RESULTS:        internal signals:      772
ABC RESULTS:           input signals:      437
ABC RESULTS:          output signals:      213
Removing temp directory.
Removing global temp directory.

13. Printing statistics.

=== DECODE ===

        +----------Local Count, excluding submodules.
        |        +-Local Area, excluding submodules.
        |        | 
     1951        - wires
     4890        - wire bits
      116        - public wires
     1143        - public wire bits
       42        - ports
      480        - port bits
      965 8.16E+03 cells
        1   11.261   sky130_fd_sc_hd__a2111o_1
        1    8.758   sky130_fd_sc_hd__a2111oi_0
       10   75.072   sky130_fd_sc_hd__a211oi_1
        1    7.507   sky130_fd_sc_hd__a21boi_0
        2   15.014   sky130_fd_sc_hd__a21o_1
      113  565.542   sky130_fd_sc_hd__a21oi_1
        2   15.014   sky130_fd_sc_hd__a22oi_1
        5   43.792   sky130_fd_sc_hd__a311oi_1
        1    8.758   sky130_fd_sc_hd__a31o_1
        4   25.024   sky130_fd_sc_hd__a31oi_1
        1    10.01   sky130_fd_sc_hd__a41o_1
        4   25.024   sky130_fd_sc_hd__and2_0
        5    31.28   sky130_fd_sc_hd__and3_1
        3   26.275   sky130_fd_sc_hd__and3b_1
        1    10.01   sky130_fd_sc_hd__and4b_1
       69  258.998   sky130_fd_sc_hd__clkinv_1
      209 4.18E+03   sky130_fd_sc_hd__dfxtp_1
        1    6.256   sky130_fd_sc_hd__lpflow_inputiso1p_1
        4   25.024   sky130_fd_sc_hd__lpflow_isobufsrc_1
       82  820.787   sky130_fd_sc_hd__mux2i_1
       49  183.926   sky130_fd_sc_hd__nand2_1
        3   18.768   sky130_fd_sc_hd__nand2b_1
       16   80.077   sky130_fd_sc_hd__nand3_1
        6   37.536   sky130_fd_sc_hd__nand4_1
        2   17.517   sky130_fd_sc_hd__nand4b_1
      193  724.445   sky130_fd_sc_hd__nor2_1
       88  440.422   sky130_fd_sc_hd__nor3_1
        2   15.014   sky130_fd_sc_hd__nor3b_1
        1    6.256   sky130_fd_sc_hd__nor4_1
        1    10.01   sky130_fd_sc_hd__nor4bb_1
        2   17.517   sky130_fd_sc_hd__o2111ai_1
        1    7.507   sky130_fd_sc_hd__o21a_1
       78  390.374   sky130_fd_sc_hd__o21ai_0
        1    8.758   sky130_fd_sc_hd__o221ai_1
        1    10.01   sky130_fd_sc_hd__o32a_1
        1    6.256   sky130_fd_sc_hd__or3_1
        1    7.507   sky130_fd_sc_hd__or4_1

   Chip area for module '\DECODE': 8155.321600
     of which used for sequential elements: 4184.012800 (51.30%)

Removed 0 unused cells and 1128 unused wires.

14. Executing Verilog backend.

14.1. Executing BMUXMAP pass.

14.2. Executing DEMUXMAP pass.
Dumping module `\DECODE'.

End of script. Logfile hash: b043ee0e63, CPU: user 0.29s system 0.03s, MEM: 60.52 MB peak
Yosys 0.58 (git sha1 157aabb5831cc77d08346001c4a085f188d7c736, clang++ 17.0.0 -fPIC -O3)
Time spent: 46% 1x abc (0 sec), 9% 13x opt_expr (0 sec), ...
