Startpoint: io_read_readMEM1_result_in_data[7] (input port clocked by core_clk)
Endpoint: io_readX1_result_in_enable (output port clocked by core_clk)
Path Group: core_clk
Path Type: max

  Delay    Time   Description
---------------------------------------------------------
   0.00    0.00   clock core_clk (rise edge)
   0.00    0.00   clock network delay (ideal)
   1.00    1.00 v input external delay
   0.00    1.00 v io_read_readMEM1_result_in_data[7] (in)
   0.57    1.57 v _1116_/X (sky130_fd_sc_hd__or4_1)
   0.59    2.17 v _1174_/X (sky130_fd_sc_hd__or4_1)
   0.19    2.35 v _1638_/X (sky130_fd_sc_hd__and3b_1)
   0.07    2.43 ^ _1639_/Y (sky130_fd_sc_hd__nor2_1)
   0.05    2.48 v _1640_/Y (sky130_fd_sc_hd__nand2_1)
   0.04    2.52 ^ _1641_/Y (sky130_fd_sc_hd__nor2_1)
   0.00    2.52 ^ io_readX1_result_in_enable (out)
           2.52   data arrival time

   5.00    5.00   clock core_clk (rise edge)
   0.00    5.00   clock network delay (ideal)
   0.00    5.00   clock reconvergence pessimism
  -1.00    4.00   output external delay
           4.00   data required time
---------------------------------------------------------
           4.00   data required time
          -2.52   data arrival time
---------------------------------------------------------
           1.48   slack (MET)
