
 /----------------------------------------------------------------------------\
 |  yosys -- Yosys Open SYnthesis Suite                                       |
 |  Copyright (C) 2012 - 2025  Claire Xenia Wolf <claire@yosyshq.com>         |
 |  Distributed under an ISC-like license, type "license" to see terms        |
 \----------------------------------------------------------------------------/
 Yosys 0.58 (git sha1 157aabb5831cc77d08346001c4a085f188d7c736, clang++ 17.0.0 -fPIC -O3)

-- Executing script file `script.ys' --

1. Executing Verilog-2005 frontend: rtl/decode_table_manual.sv
Parsing SystemVerilog input from `rtl/decode_table_manual.sv' to AST representation.
verilog frontend filename rtl/decode_table_manual.sv
Generating RTLIL representation for module `\InstructionDecoder'.
Successfully finished Verilog frontend.

2. Executing HIERARCHY pass (managing design hierarchy).

2.1. Analyzing design hierarchy..
Top module:  \InstructionDecoder

2.2. Analyzing design hierarchy..
Top module:  \InstructionDecoder
Removed 0 unused modules.

3. Executing PROC pass (convert processes to netlists).

3.1. Executing PROC_CLEAN pass (remove empty switches from decision trees).
Cleaned up 0 empty switches.

3.2. Executing PROC_RMDEAD pass (remove dead branches from decision trees).
Marked 1 switch rules as full_case in process $proc$rtl/decode_table_manual.sv:643$69 in module InstructionDecoder.
Removed a total of 0 dead cases.

3.3. Executing PROC_PRUNE pass (remove redundant assignments in processes).
Removed 0 redundant assignments.
Promoted 0 assignments to connections.

3.4. Executing PROC_INIT pass (extract init attributes).

3.5. Executing PROC_ARST pass (detect async resets in processes).

3.6. Executing PROC_ROM pass (convert switches to ROMs).
Converted 0 switches.
<suppressed ~2 debug messages>

3.7. Executing PROC_MUX pass (convert decision trees to multiplexers).
Creating decoders for process `\InstructionDecoder.$proc$rtl/decode_table_manual.sv:643$69'.
     1/21: $0\writePC1_value[31:0]
     2/21: $0\readMEM1_addr[31:0]
     3/21: $0\readX1_result[31:0]
     4/21: $0\readX0_result[31:0]
     5/21: $0\not_is_not_none[0:0]
     6/21: $0\sel_readMEM0_addr[4:0]
     7/21: $0\sel_writeX0_value[2:0]
     8/21: $0\sel_writeMEM0_words[1:0]
     9/21: $0\sel_readMEM0_words[1:0]
    10/21: $0\sel_writePC0_value[1:0]
    11/21: $0\bin_is_BEQ_is_BNE_is_BGE_is_BG[2:0]
    12/21: $0\is_L[0:0]
    13/21: $0\is_S[0:0]
    14/21: $0\is_JALRBNEBGEUBGEJALBLTUBEQBLT[0:0]
    15/21: $0\writeX0_enable[0:0]
    16/21: $0\n204[31:0]
    17/21: $0\rs2_neq_0[0:0]
    18/21: $0\rs1_neq_0[0:0]
    19/21: $0\readMEM0_addr[31:0]
    20/21: $0\rs2[4:0]
    21/21: $0\rd[4:0]

3.8. Executing PROC_DLATCH pass (convert process syncs to latches).

3.9. Executing PROC_DFF pass (convert process syncs to FFs).
Creating register for signal `\InstructionDecoder.\rd' using process `\InstructionDecoder.$proc$rtl/decode_table_manual.sv:643$69'.
  created $dff cell `$procdff$279' with positive edge clock.
Creating register for signal `\InstructionDecoder.\rs2' using process `\InstructionDecoder.$proc$rtl/decode_table_manual.sv:643$69'.
  created $dff cell `$procdff$280' with positive edge clock.
Creating register for signal `\InstructionDecoder.\readMEM0_addr' using process `\InstructionDecoder.$proc$rtl/decode_table_manual.sv:643$69'.
  created $dff cell `$procdff$281' with positive edge clock.
Creating register for signal `\InstructionDecoder.\rs1_neq_0' using process `\InstructionDecoder.$proc$rtl/decode_table_manual.sv:643$69'.
  created $dff cell `$procdff$282' with positive edge clock.
Creating register for signal `\InstructionDecoder.\rs2_neq_0' using process `\InstructionDecoder.$proc$rtl/decode_table_manual.sv:643$69'.
  created $dff cell `$procdff$283' with positive edge clock.
Creating register for signal `\InstructionDecoder.\n204' using process `\InstructionDecoder.$proc$rtl/decode_table_manual.sv:643$69'.
  created $dff cell `$procdff$284' with positive edge clock.
Creating register for signal `\InstructionDecoder.\writeX0_enable' using process `\InstructionDecoder.$proc$rtl/decode_table_manual.sv:643$69'.
  created $dff cell `$procdff$285' with positive edge clock.
Creating register for signal `\InstructionDecoder.\is_JALRBNEBGEUBGEJALBLTUBEQBLT' using process `\InstructionDecoder.$proc$rtl/decode_table_manual.sv:643$69'.
  created $dff cell `$procdff$286' with positive edge clock.
Creating register for signal `\InstructionDecoder.\is_S' using process `\InstructionDecoder.$proc$rtl/decode_table_manual.sv:643$69'.
  created $dff cell `$procdff$287' with positive edge clock.
Creating register for signal `\InstructionDecoder.\is_L' using process `\InstructionDecoder.$proc$rtl/decode_table_manual.sv:643$69'.
  created $dff cell `$procdff$288' with positive edge clock.
Creating register for signal `\InstructionDecoder.\bin_is_BEQ_is_BNE_is_BGE_is_BG' using process `\InstructionDecoder.$proc$rtl/decode_table_manual.sv:643$69'.
  created $dff cell `$procdff$289' with positive edge clock.
Creating register for signal `\InstructionDecoder.\sel_writePC0_value' using process `\InstructionDecoder.$proc$rtl/decode_table_manual.sv:643$69'.
  created $dff cell `$procdff$290' with positive edge clock.
Creating register for signal `\InstructionDecoder.\sel_readMEM0_words' using process `\InstructionDecoder.$proc$rtl/decode_table_manual.sv:643$69'.
  created $dff cell `$procdff$291' with positive edge clock.
Creating register for signal `\InstructionDecoder.\sel_writeMEM0_words' using process `\InstructionDecoder.$proc$rtl/decode_table_manual.sv:643$69'.
  created $dff cell `$procdff$292' with positive edge clock.
Creating register for signal `\InstructionDecoder.\sel_writeX0_value' using process `\InstructionDecoder.$proc$rtl/decode_table_manual.sv:643$69'.
  created $dff cell `$procdff$293' with positive edge clock.
Creating register for signal `\InstructionDecoder.\sel_readMEM0_addr' using process `\InstructionDecoder.$proc$rtl/decode_table_manual.sv:643$69'.
  created $dff cell `$procdff$294' with positive edge clock.
Creating register for signal `\InstructionDecoder.\not_is_not_none' using process `\InstructionDecoder.$proc$rtl/decode_table_manual.sv:643$69'.
  created $dff cell `$procdff$295' with positive edge clock.
Creating register for signal `\InstructionDecoder.\readX0_result' using process `\InstructionDecoder.$proc$rtl/decode_table_manual.sv:643$69'.
  created $dff cell `$procdff$296' with positive edge clock.
Creating register for signal `\InstructionDecoder.\readX1_result' using process `\InstructionDecoder.$proc$rtl/decode_table_manual.sv:643$69'.
  created $dff cell `$procdff$297' with positive edge clock.
Creating register for signal `\InstructionDecoder.\readMEM1_addr' using process `\InstructionDecoder.$proc$rtl/decode_table_manual.sv:643$69'.
  created $dff cell `$procdff$298' with positive edge clock.
Creating register for signal `\InstructionDecoder.\writePC1_value' using process `\InstructionDecoder.$proc$rtl/decode_table_manual.sv:643$69'.
  created $dff cell `$procdff$299' with positive edge clock.

3.10. Executing PROC_MEMWR pass (convert process memory writes to cells).

3.11. Executing PROC_CLEAN pass (remove empty switches from decision trees).
Found and cleaned up 2 empty switches in `\InstructionDecoder.$proc$rtl/decode_table_manual.sv:643$69'.
Removing empty process `InstructionDecoder.$proc$rtl/decode_table_manual.sv:643$69'.
Cleaned up 2 empty switches.

3.12. Executing OPT_EXPR pass (perform const folding).
Optimizing module InstructionDecoder.
<suppressed ~1 debug messages>

4. Executing OPT pass (performing simple optimizations).

4.1. Executing OPT_EXPR pass (perform const folding).
Optimizing module InstructionDecoder.
<suppressed ~2 debug messages>

4.2. Executing OPT_MERGE pass (detect identical cells).
Finding identical cells in module `\InstructionDecoder'.
<suppressed ~246 debug messages>
Removed a total of 82 cells.

4.3. Executing OPT_MUXTREE pass (detect dead branches in mux trees).
Running muxtree optimizer on module \InstructionDecoder..
  Creating internal representation of mux trees.
  Evaluating internal representation of mux trees.
  Analyzing evaluation results.
Removed 0 multiplexer ports.
<suppressed ~65 debug messages>

4.4. Executing OPT_REDUCE pass (consolidate $*mux and $reduce_* inputs).
  Optimizing cells in module \InstructionDecoder.
Performed a total of 0 changes.

4.5. Executing OPT_MERGE pass (detect identical cells).
Finding identical cells in module `\InstructionDecoder'.
Removed a total of 0 cells.

4.6. Executing OPT_DFF pass (perform DFF optimizations).
Adding SRST signal on $procdff$299 ($dff) from module InstructionDecoder (D = $procmux$174_Y, Q = \writePC1_value, rval = 0).
Adding EN signal on $auto$ff.cc:266:slice$300 ($sdff) from module InstructionDecoder (D = \io_read_writePC1_value_in_data, Q = \writePC1_value).
Adding SRST signal on $procdff$279 ($dff) from module InstructionDecoder (D = $procmux$274_Y, Q = \rd, rval = 5'00000).
Adding EN signal on $auto$ff.cc:266:slice$302 ($sdff) from module InstructionDecoder (D = \io_read_readMEM1_result_in_data [11:7], Q = \rd).
Adding SRST signal on $procdff$280 ($dff) from module InstructionDecoder (D = $procmux$269_Y, Q = \rs2, rval = 5'00000).
Adding EN signal on $auto$ff.cc:266:slice$304 ($sdff) from module InstructionDecoder (D = \io_read_readMEM1_result_in_data [24:20], Q = \rs2).
Adding SRST signal on $procdff$281 ($dff) from module InstructionDecoder (D = $procmux$264_Y, Q = \readMEM0_addr, rval = 0).
Adding EN signal on $auto$ff.cc:266:slice$306 ($sdff) from module InstructionDecoder (D = { \io_read_readMEM1_result_in_data [31:12] 12'000000000000 }, Q = \readMEM0_addr).
Adding SRST signal on $procdff$282 ($dff) from module InstructionDecoder (D = $procmux$259_Y, Q = \rs1_neq_0, rval = 1'0).
Adding EN signal on $auto$ff.cc:266:slice$308 ($sdff) from module InstructionDecoder (D = $reduce_or$rtl/decode_table_manual.sv:671$70_Y, Q = \rs1_neq_0).
Adding SRST signal on $procdff$283 ($dff) from module InstructionDecoder (D = $procmux$254_Y, Q = \rs2_neq_0, rval = 1'0).
Adding EN signal on $auto$ff.cc:266:slice$310 ($sdff) from module InstructionDecoder (D = $reduce_or$rtl/decode_table_manual.sv:672$71_Y, Q = \rs2_neq_0).
Adding SRST signal on $procdff$284 ($dff) from module InstructionDecoder (D = $procmux$249_Y, Q = \n204, rval = 0).
Adding EN signal on $auto$ff.cc:266:slice$312 ($sdff) from module InstructionDecoder (D = $shiftx$rtl/decode_table_manual.sv:674$84_Y, Q = \n204).
Adding SRST signal on $procdff$285 ($dff) from module InstructionDecoder (D = $procmux$244_Y, Q = \writeX0_enable, rval = 1'0).
Adding EN signal on $auto$ff.cc:266:slice$314 ($sdff) from module InstructionDecoder (D = $and$rtl/decode_table_manual.sv:688$98_Y, Q = \writeX0_enable).
Adding SRST signal on $procdff$286 ($dff) from module InstructionDecoder (D = $procmux$239_Y, Q = \is_JALRBNEBGEUBGEJALBLTUBEQBLT, rval = 1'0).
Adding EN signal on $auto$ff.cc:266:slice$316 ($sdff) from module InstructionDecoder (D = $reduce_or$rtl/decode_table_manual.sv:708$103_Y, Q = \is_JALRBNEBGEUBGEJALBLTUBEQBLT).
Adding SRST signal on $procdff$287 ($dff) from module InstructionDecoder (D = $procmux$234_Y, Q = \is_S, rval = 1'0).
Adding EN signal on $auto$ff.cc:266:slice$318 ($sdff) from module InstructionDecoder (D = $reduce_or$rtl/decode_table_manual.sv:712$106_Y, Q = \is_S).
Adding SRST signal on $procdff$288 ($dff) from module InstructionDecoder (D = $procmux$229_Y, Q = \is_L, rval = 1'0).
Adding EN signal on $auto$ff.cc:266:slice$320 ($sdff) from module InstructionDecoder (D = $reduce_or$rtl/decode_table_manual.sv:713$109_Y, Q = \is_L).
Adding SRST signal on $procdff$289 ($dff) from module InstructionDecoder (D = $procmux$224_Y, Q = \bin_is_BEQ_is_BNE_is_BGE_is_BG, rval = 3'000).
Adding EN signal on $auto$ff.cc:266:slice$322 ($sdff) from module InstructionDecoder (D = { $reduce_or$rtl/decode_table_manual.sv:715$121_Y $reduce_or$rtl/decode_table_manual.sv:726$117_Y $reduce_or$rtl/decode_table_manual.sv:737$113_Y }, Q = \bin_is_BEQ_is_BNE_is_BGE_is_BG).
Adding SRST signal on $procdff$290 ($dff) from module InstructionDecoder (D = $procmux$219_Y, Q = \sel_writePC0_value, rval = 2'00).
Adding EN signal on $auto$ff.cc:266:slice$324 ($sdff) from module InstructionDecoder (D = { $reduce_and$rtl/decode_table_manual.sv:758$123_Y $reduce_and$rtl/decode_table_manual.sv:758$122_Y }, Q = \sel_writePC0_value).
Adding SRST signal on $procdff$291 ($dff) from module InstructionDecoder (D = $procmux$214_Y, Q = \sel_readMEM0_words, rval = 2'00).
Adding EN signal on $auto$ff.cc:266:slice$326 ($sdff) from module InstructionDecoder (D = { $reduce_and$rtl/decode_table_manual.sv:760$125_Y $reduce_and$rtl/decode_table_manual.sv:761$124_Y }, Q = \sel_readMEM0_words).
Adding SRST signal on $procdff$292 ($dff) from module InstructionDecoder (D = $procmux$209_Y, Q = \sel_writeMEM0_words, rval = 2'00).
Adding EN signal on $auto$ff.cc:266:slice$328 ($sdff) from module InstructionDecoder (D = { $reduce_and$rtl/decode_table_manual.sv:772$127_Y $reduce_and$rtl/decode_table_manual.sv:782$126_Y }, Q = \sel_writeMEM0_words).
Adding SRST signal on $procdff$293 ($dff) from module InstructionDecoder (D = $procmux$204_Y, Q = \sel_writeX0_value, rval = 3'000).
Adding EN signal on $auto$ff.cc:266:slice$330 ($sdff) from module InstructionDecoder (D = { $reduce_or$rtl/decode_table_manual.sv:793$150_Y $reduce_and$rtl/decode_table_manual.sv:811$139_Y $reduce_or$rtl/decode_table_manual.sv:812$138_Y }, Q = \sel_writeX0_value).
Adding SRST signal on $procdff$294 ($dff) from module InstructionDecoder (D = $procmux$199_Y, Q = \sel_readMEM0_addr, rval = 5'00000).
Adding EN signal on $auto$ff.cc:266:slice$332 ($sdff) from module InstructionDecoder (D = { $reduce_or$rtl/decode_table_manual.sv:412$68_Y $reduce_or$rtl/decode_table_manual.sv:426$61_Y $reduce_or$rtl/decode_table_manual.sv:445$56_Y $reduce_or$rtl/decode_table_manual.sv:484$46_Y $reduce_or$rtl/decode_table_manual.sv:545$37_Y }, Q = \sel_readMEM0_addr).
Adding SRST signal on $procdff$295 ($dff) from module InstructionDecoder (D = $procmux$194_Y, Q = \not_is_not_none, rval = 1'0).
Adding EN signal on $auto$ff.cc:266:slice$334 ($sdff) from module InstructionDecoder (D = $eq$rtl/decode_table_manual.sv:832$165_Y, Q = \not_is_not_none).
Adding SRST signal on $procdff$296 ($dff) from module InstructionDecoder (D = $procmux$189_Y, Q = \readX0_result, rval = 0).
Adding EN signal on $auto$ff.cc:266:slice$336 ($sdff) from module InstructionDecoder (D = $ternary$rtl/decode_table_manual.sv:876$166_Y, Q = \readX0_result).
Adding SRST signal on $procdff$297 ($dff) from module InstructionDecoder (D = $procmux$184_Y, Q = \readX1_result, rval = 0).
Adding EN signal on $auto$ff.cc:266:slice$338 ($sdff) from module InstructionDecoder (D = $ternary$rtl/decode_table_manual.sv:877$167_Y, Q = \readX1_result).
Adding SRST signal on $procdff$298 ($dff) from module InstructionDecoder (D = $procmux$179_Y, Q = \readMEM1_addr, rval = 0).
Adding EN signal on $auto$ff.cc:266:slice$340 ($sdff) from module InstructionDecoder (D = \io_read_readMEM1_addr_in_data, Q = \readMEM1_addr).
Setting constant 0-bit at position 0 on $auto$ff.cc:266:slice$307 ($sdffe) from module InstructionDecoder.
Setting constant 0-bit at position 1 on $auto$ff.cc:266:slice$307 ($sdffe) from module InstructionDecoder.
Setting constant 0-bit at position 2 on $auto$ff.cc:266:slice$307 ($sdffe) from module InstructionDecoder.
Setting constant 0-bit at position 3 on $auto$ff.cc:266:slice$307 ($sdffe) from module InstructionDecoder.
Setting constant 0-bit at position 4 on $auto$ff.cc:266:slice$307 ($sdffe) from module InstructionDecoder.
Setting constant 0-bit at position 5 on $auto$ff.cc:266:slice$307 ($sdffe) from module InstructionDecoder.
Setting constant 0-bit at position 6 on $auto$ff.cc:266:slice$307 ($sdffe) from module InstructionDecoder.
Setting constant 0-bit at position 7 on $auto$ff.cc:266:slice$307 ($sdffe) from module InstructionDecoder.
Setting constant 0-bit at position 8 on $auto$ff.cc:266:slice$307 ($sdffe) from module InstructionDecoder.
Setting constant 0-bit at position 9 on $auto$ff.cc:266:slice$307 ($sdffe) from module InstructionDecoder.
Setting constant 0-bit at position 10 on $auto$ff.cc:266:slice$307 ($sdffe) from module InstructionDecoder.
Setting constant 0-bit at position 11 on $auto$ff.cc:266:slice$307 ($sdffe) from module InstructionDecoder.

4.7. Executing OPT_CLEAN pass (remove unused cells and wires).
Finding unused cells or wires in module \InstructionDecoder..
Removed 42 unused cells and 200 unused wires.
<suppressed ~43 debug messages>

4.8. Executing OPT_EXPR pass (perform const folding).
Optimizing module InstructionDecoder.

4.9. Rerunning OPT passes. (Maybe there is more to do..)

4.10. Executing OPT_MUXTREE pass (detect dead branches in mux trees).
Running muxtree optimizer on module \InstructionDecoder..
  Creating internal representation of mux trees.
  Evaluating internal representation of mux trees.
  Analyzing evaluation results.
Removed 0 multiplexer ports.
<suppressed ~4 debug messages>

4.11. Executing OPT_REDUCE pass (consolidate $*mux and $reduce_* inputs).
  Optimizing cells in module \InstructionDecoder.
Performed a total of 0 changes.

4.12. Executing OPT_MERGE pass (detect identical cells).
Finding identical cells in module `\InstructionDecoder'.
Removed a total of 0 cells.

4.13. Executing OPT_DFF pass (perform DFF optimizations).

4.14. Executing OPT_CLEAN pass (remove unused cells and wires).
Finding unused cells or wires in module \InstructionDecoder..

4.15. Executing OPT_EXPR pass (perform const folding).
Optimizing module InstructionDecoder.

4.16. Finished fast OPT passes. (There is nothing left to do.)

5. Executing FSM pass (extract and optimize FSM).

5.1. Executing FSM_DETECT pass (finding FSMs in design).

5.2. Executing FSM_EXTRACT pass (extracting FSM from design).

5.3. Executing FSM_OPT pass (simple optimizations of FSMs).

5.4. Executing OPT_CLEAN pass (remove unused cells and wires).
Finding unused cells or wires in module \InstructionDecoder..

5.5. Executing FSM_OPT pass (simple optimizations of FSMs).

5.6. Executing FSM_RECODE pass (re-assigning FSM state encoding).

5.7. Executing FSM_INFO pass (dumping all available information on FSM cells).

5.8. Executing FSM_MAP pass (mapping FSMs to basic logic).

6. Executing OPT pass (performing simple optimizations).

6.1. Executing OPT_EXPR pass (perform const folding).
Optimizing module InstructionDecoder.

6.2. Executing OPT_MERGE pass (detect identical cells).
Finding identical cells in module `\InstructionDecoder'.
Removed a total of 0 cells.

6.3. Executing OPT_MUXTREE pass (detect dead branches in mux trees).
Running muxtree optimizer on module \InstructionDecoder..
  Creating internal representation of mux trees.
  Evaluating internal representation of mux trees.
  Analyzing evaluation results.
Removed 0 multiplexer ports.
<suppressed ~4 debug messages>

6.4. Executing OPT_REDUCE pass (consolidate $*mux and $reduce_* inputs).
  Optimizing cells in module \InstructionDecoder.
Performed a total of 0 changes.

6.5. Executing OPT_MERGE pass (detect identical cells).
Finding identical cells in module `\InstructionDecoder'.
Removed a total of 0 cells.

6.6. Executing OPT_DFF pass (perform DFF optimizations).

6.7. Executing OPT_CLEAN pass (remove unused cells and wires).
Finding unused cells or wires in module \InstructionDecoder..

6.8. Executing OPT_EXPR pass (perform const folding).
Optimizing module InstructionDecoder.

6.9. Finished fast OPT passes. (There is nothing left to do.)

7. Executing MEMORY pass.

7.1. Executing OPT_MEM pass (optimize memories).
Performed a total of 0 transformations.

7.2. Executing OPT_MEM_PRIORITY pass (removing unnecessary memory write priority relations).
Performed a total of 0 transformations.

7.3. Executing OPT_MEM_FEEDBACK pass (finding memory read-to-write feedback paths).

7.4. Executing MEMORY_BMUX2ROM pass (converting muxes to ROMs).

7.5. Executing MEMORY_DFF pass (merging $dff cells to $memrd).

7.6. Executing OPT_CLEAN pass (remove unused cells and wires).
Finding unused cells or wires in module \InstructionDecoder..

7.7. Executing MEMORY_SHARE pass (consolidating $memrd/$memwr cells).

7.8. Executing OPT_MEM_WIDEN pass (optimize memories where all ports are wide).
Performed a total of 0 transformations.

7.9. Executing OPT_CLEAN pass (remove unused cells and wires).
Finding unused cells or wires in module \InstructionDecoder..

7.10. Executing MEMORY_COLLECT pass (generating $mem cells).

7.11. Executing MEMORY_MAP pass (converting memories to logic and flip-flops).

8. Executing OPT pass (performing simple optimizations).

8.1. Executing OPT_EXPR pass (perform const folding).
Optimizing module InstructionDecoder.

8.2. Executing OPT_MERGE pass (detect identical cells).
Finding identical cells in module `\InstructionDecoder'.
Removed a total of 0 cells.

8.3. Executing OPT_MUXTREE pass (detect dead branches in mux trees).
Running muxtree optimizer on module \InstructionDecoder..
  Creating internal representation of mux trees.
  Evaluating internal representation of mux trees.
  Analyzing evaluation results.
Removed 0 multiplexer ports.
<suppressed ~4 debug messages>

8.4. Executing OPT_REDUCE pass (consolidate $*mux and $reduce_* inputs).
  Optimizing cells in module \InstructionDecoder.
Performed a total of 0 changes.

8.5. Executing OPT_MERGE pass (detect identical cells).
Finding identical cells in module `\InstructionDecoder'.
Removed a total of 0 cells.

8.6. Executing OPT_DFF pass (perform DFF optimizations).

8.7. Executing OPT_CLEAN pass (remove unused cells and wires).
Finding unused cells or wires in module \InstructionDecoder..

8.8. Executing OPT_EXPR pass (perform const folding).
Optimizing module InstructionDecoder.

8.9. Finished fast OPT passes. (There is nothing left to do.)

9. Executing TECHMAP pass (map to technology primitives).

9.1. Executing Verilog-2005 frontend: /opt/homebrew/bin/../share/yosys/techmap.v
Parsing Verilog input from `/opt/homebrew/bin/../share/yosys/techmap.v' to AST representation.
verilog frontend filename /opt/homebrew/bin/../share/yosys/techmap.v
Generating RTLIL representation for module `\_90_simplemap_bool_ops'.
Generating RTLIL representation for module `\_90_simplemap_reduce_ops'.
Generating RTLIL representation for module `\_90_simplemap_logic_ops'.
Generating RTLIL representation for module `\_90_simplemap_compare_ops'.
Generating RTLIL representation for module `\_90_simplemap_various'.
Generating RTLIL representation for module `\_90_simplemap_registers'.
Generating RTLIL representation for module `\_90_shift_ops_shr_shl_sshl_sshr'.
Generating RTLIL representation for module `\_90_shift_shiftx'.
Generating RTLIL representation for module `\_90_fa'.
Generating RTLIL representation for module `\_90_lcu_brent_kung'.
Generating RTLIL representation for module `\_90_alu'.
Generating RTLIL representation for module `\_90_macc'.
Generating RTLIL representation for module `\_90_alumacc'.
Generating RTLIL representation for module `\$__div_mod_u'.
Generating RTLIL representation for module `\$__div_mod_trunc'.
Generating RTLIL representation for module `\_90_div'.
Generating RTLIL representation for module `\_90_mod'.
Generating RTLIL representation for module `\$__div_mod_floor'.
Generating RTLIL representation for module `\_90_divfloor'.
Generating RTLIL representation for module `\_90_modfloor'.
Generating RTLIL representation for module `\_90_pow'.
Generating RTLIL representation for module `\_90_pmux'.
Generating RTLIL representation for module `\_90_demux'.
Generating RTLIL representation for module `\_90_lut'.
Generating RTLIL representation for module `\$connect'.
Generating RTLIL representation for module `\$input_port'.
Successfully finished Verilog frontend.

9.2. Continuing TECHMAP pass.
Using extmapper simplemap for cells of type $not.
Using extmapper simplemap for cells of type $sdffe.
Using extmapper simplemap for cells of type $reduce_or.
Using extmapper simplemap for cells of type $and.
Using extmapper simplemap for cells of type $reduce_and.
Using template $paramod$constmap:6fcaf27e214947eeff9f1c47e683955439de86ee$paramod$f078c9a1c41d1b9c2636557fd2fc6ded1957fdb6\_90_shift_shiftx for cells of type $shiftx.
Using extmapper simplemap for cells of type $logic_not.
Using extmapper simplemap for cells of type $mux.
No more expansions possible.
<suppressed ~827 debug messages>

10. Executing OPT pass (performing simple optimizations).

10.1. Executing OPT_EXPR pass (perform const folding).
Optimizing module InstructionDecoder.
<suppressed ~1663 debug messages>

10.2. Executing OPT_MERGE pass (detect identical cells).
Finding identical cells in module `\InstructionDecoder'.
<suppressed ~2055 debug messages>
Removed a total of 685 cells.

10.3. Executing OPT_MUXTREE pass (detect dead branches in mux trees).
Running muxtree optimizer on module \InstructionDecoder..
  Creating internal representation of mux trees.
  No muxes found in this module.
Removed 0 multiplexer ports.

10.4. Executing OPT_REDUCE pass (consolidate $*mux and $reduce_* inputs).
  Optimizing cells in module \InstructionDecoder.
Performed a total of 0 changes.

10.5. Executing OPT_MERGE pass (detect identical cells).
Finding identical cells in module `\InstructionDecoder'.
Removed a total of 0 cells.

10.6. Executing OPT_DFF pass (perform DFF optimizations).

10.7. Executing OPT_CLEAN pass (remove unused cells and wires).
Finding unused cells or wires in module \InstructionDecoder..
Removed 175 unused cells and 117 unused wires.
<suppressed ~176 debug messages>

10.8. Executing OPT_EXPR pass (perform const folding).
Optimizing module InstructionDecoder.

10.9. Rerunning OPT passes. (Maybe there is more to do..)

10.10. Executing OPT_MUXTREE pass (detect dead branches in mux trees).
Running muxtree optimizer on module \InstructionDecoder..
  Creating internal representation of mux trees.
  No muxes found in this module.
Removed 0 multiplexer ports.

10.11. Executing OPT_REDUCE pass (consolidate $*mux and $reduce_* inputs).
  Optimizing cells in module \InstructionDecoder.
Performed a total of 0 changes.

10.12. Executing OPT_MERGE pass (detect identical cells).
Finding identical cells in module `\InstructionDecoder'.
Removed a total of 0 cells.

10.13. Executing OPT_DFF pass (perform DFF optimizations).

10.14. Executing OPT_CLEAN pass (remove unused cells and wires).
Finding unused cells or wires in module \InstructionDecoder..

10.15. Executing OPT_EXPR pass (perform const folding).
Optimizing module InstructionDecoder.

10.16. Finished fast OPT passes. (There is nothing left to do.)

11. Executing DFFLIBMAP pass (mapping DFF cells to sequential cells from liberty file).
  cell sky130_fd_sc_hd__dfxtp_1 (noninv, pins=3, area=20.02) is a direct match for cell type $_DFF_P_.
  cell sky130_fd_sc_hd__dfrtn_1 (noninv, pins=4, area=25.02) is a direct match for cell type $_DFF_NN0_.
  cell sky130_fd_sc_hd__dfrtp_1 (noninv, pins=4, area=25.02) is a direct match for cell type $_DFF_PN0_.
  cell sky130_fd_sc_hd__dfstp_2 (noninv, pins=4, area=26.28) is a direct match for cell type $_DFF_PN1_.
  cell sky130_fd_sc_hd__edfxtp_1 (noninv, pins=4, area=30.03) is a direct match for cell type $_DFFE_PP_.
  cell sky130_fd_sc_hd__dfbbn_1 (noninv, pins=6, area=32.53) is a direct match for cell type $_DFFSR_NNN_.
  cell sky130_fd_sc_hd__dfbbp_1 (noninv, pins=6, area=32.53) is a direct match for cell type $_DFFSR_PNN_.
  final dff cell mappings:
    unmapped dff cell: $_DFF_N_
    \sky130_fd_sc_hd__dfxtp_1 _DFF_P_ (.CLK( C), .D( D), .Q( Q));
    \sky130_fd_sc_hd__dfrtn_1 _DFF_NN0_ (.CLK_N( C), .D( D), .Q( Q), .RESET_B( R));
    unmapped dff cell: $_DFF_NN1_
    unmapped dff cell: $_DFF_NP0_
    unmapped dff cell: $_DFF_NP1_
    \sky130_fd_sc_hd__dfrtp_1 _DFF_PN0_ (.CLK( C), .D( D), .Q( Q), .RESET_B( R));
    \sky130_fd_sc_hd__dfstp_2 _DFF_PN1_ (.CLK( C), .D( D), .Q( Q), .SET_B( R));
    unmapped dff cell: $_DFF_PP0_
    unmapped dff cell: $_DFF_PP1_
    unmapped dff cell: $_DFFE_NN_
    unmapped dff cell: $_DFFE_NP_
    unmapped dff cell: $_DFFE_PN_
    \sky130_fd_sc_hd__edfxtp_1 _DFFE_PP_ (.CLK( C), .D( D), .DE( E), .Q( Q));
    \sky130_fd_sc_hd__dfbbn_1 _DFFSR_NNN_ (.CLK_N( C), .D( D), .Q( Q), .Q_N(~Q), .RESET_B( R), .SET_B( S));
    unmapped dff cell: $_DFFSR_NNP_
    unmapped dff cell: $_DFFSR_NPN_
    unmapped dff cell: $_DFFSR_NPP_
    \sky130_fd_sc_hd__dfbbp_1 _DFFSR_PNN_ (.CLK( C), .D( D), .Q( Q), .Q_N(~Q), .RESET_B( R), .SET_B( S));
    unmapped dff cell: $_DFFSR_PNP_
    unmapped dff cell: $_DFFSR_PPN_
    unmapped dff cell: $_DFFSR_PPP_

11.1. Executing DFFLEGALIZE pass (convert FFs to types supported by the target).
<suppressed ~24 debug messages>
Mapping DFF cells in module `\InstructionDecoder':
  mapped 208 $_DFF_P_ cells to \sky130_fd_sc_hd__dfxtp_1 cells.

12. Executing ABC pass (technology mapping using ABC).

12.1. Extracting gate netlist of module `\InstructionDecoder' to `<abc-temp-dir>/input.blif'..

12.1.1. Executed ABC.
Extracted 986 gates and 1424 wires to a netlist network with 437 inputs and 212 outputs.
Running ABC script: <abc-temp-dir>/abc.script
ABC: ABC command line: "source <abc-temp-dir>/abc.script".
ABC: 
ABC: + read_blif <abc-temp-dir>/input.blif 
ABC: + read_lib -w /Users/matthias/Documents/uni/vadl/chisel/vadl-hwsyn/yosys/lib/sky130_fd_sc_hd__tt_025C_1v80.lib 
ABC: Parsing finished successfully.  Parsing time =     0.07 sec
ABC: Scl_LibertyReadGenlib() skipped cell "sky130_fd_sc_hd__decap_12" without logic function.
ABC: Scl_LibertyReadGenlib() skipped cell "sky130_fd_sc_hd__decap_3" without logic function.
ABC: Scl_LibertyReadGenlib() skipped cell "sky130_fd_sc_hd__decap_4" without logic function.
ABC: Scl_LibertyReadGenlib() skipped cell "sky130_fd_sc_hd__decap_6" without logic function.
ABC: Scl_LibertyReadGenlib() skipped cell "sky130_fd_sc_hd__decap_8" without logic function.
ABC: Scl_LibertyReadGenlib() skipped sequential cell "sky130_fd_sc_hd__dfbbn_1".
ABC: Scl_LibertyReadGenlib() skipped sequential cell "sky130_fd_sc_hd__dfbbn_2".
ABC: Scl_LibertyReadGenlib() skipped sequential cell "sky130_fd_sc_hd__dfbbp_1".
ABC: Scl_LibertyReadGenlib() skipped sequential cell "sky130_fd_sc_hd__dfrbp_1".
ABC: Scl_LibertyReadGenlib() skipped sequential cell "sky130_fd_sc_hd__dfrbp_2".
ABC: Scl_LibertyReadGenlib() skipped sequential cell "sky130_fd_sc_hd__dfrtn_1".
ABC: Scl_LibertyReadGenlib() skipped sequential cell "sky130_fd_sc_hd__dfrtp_1".
ABC: Scl_LibertyReadGenlib() skipped sequential cell "sky130_fd_sc_hd__dfrtp_2".
ABC: Scl_LibertyReadGenlib() skipped sequential cell "sky130_fd_sc_hd__dfrtp_4".
ABC: Scl_LibertyReadGenlib() skipped sequential cell "sky130_fd_sc_hd__dfsbp_1".
ABC: Scl_LibertyReadGenlib() skipped sequential cell "sky130_fd_sc_hd__dfsbp_2".
ABC: Scl_LibertyReadGenlib() skipped sequential cell "sky130_fd_sc_hd__dfstp_1".
ABC: Scl_LibertyReadGenlib() skipped sequential cell "sky130_fd_sc_hd__dfstp_2".
ABC: Scl_LibertyReadGenlib() skipped sequential cell "sky130_fd_sc_hd__dfstp_4".
ABC: Scl_LibertyReadGenlib() skipped sequential cell "sky130_fd_sc_hd__dfxbp_1".
ABC: Scl_LibertyReadGenlib() skipped sequential cell "sky130_fd_sc_hd__dfxbp_2".
ABC: Scl_LibertyReadGenlib() skipped sequential cell "sky130_fd_sc_hd__dfxtp_1".
ABC: Scl_LibertyReadGenlib() skipped sequential cell "sky130_fd_sc_hd__dfxtp_2".
ABC: Scl_LibertyReadGenlib() skipped sequential cell "sky130_fd_sc_hd__dfxtp_4".
ABC: Scl_LibertyReadGenlib() skipped cell "sky130_fd_sc_hd__diode_2" without logic function.
ABC: Scl_LibertyReadGenlib() skipped cell "sky130_fd_sc_hd__dlclkp_1" without logic function.
ABC: Scl_LibertyReadGenlib() skipped cell "sky130_fd_sc_hd__dlclkp_2" without logic function.
ABC: Scl_LibertyReadGenlib() skipped cell "sky130_fd_sc_hd__dlclkp_4" without logic function.
ABC: Scl_LibertyReadGenlib() skipped sequential cell "sky130_fd_sc_hd__dlrbn_1".
ABC: Scl_LibertyReadGenlib() skipped sequential cell "sky130_fd_sc_hd__dlrbn_2".
ABC: Scl_LibertyReadGenlib() skipped sequential cell "sky130_fd_sc_hd__dlrbp_1".
ABC: Scl_LibertyReadGenlib() skipped sequential cell "sky130_fd_sc_hd__dlrbp_2".
ABC: Scl_LibertyReadGenlib() skipped sequential cell "sky130_fd_sc_hd__dlrtn_1".
ABC: Scl_LibertyReadGenlib() skipped sequential cell "sky130_fd_sc_hd__dlrtn_2".
ABC: Scl_LibertyReadGenlib() skipped sequential cell "sky130_fd_sc_hd__dlrtn_4".
ABC: Scl_LibertyReadGenlib() skipped sequential cell "sky130_fd_sc_hd__dlrtp_1".
ABC: Scl_LibertyReadGenlib() skipped sequential cell "sky130_fd_sc_hd__dlrtp_2".
ABC: Scl_LibertyReadGenlib() skipped sequential cell "sky130_fd_sc_hd__dlrtp_4".
ABC: Scl_LibertyReadGenlib() skipped sequential cell "sky130_fd_sc_hd__dlxbn_1".
ABC: Scl_LibertyReadGenlib() skipped sequential cell "sky130_fd_sc_hd__dlxbn_2".
ABC: Scl_LibertyReadGenlib() skipped sequential cell "sky130_fd_sc_hd__dlxbp_1".
ABC: Scl_LibertyReadGenlib() skipped sequential cell "sky130_fd_sc_hd__dlxtn_1".
ABC: Scl_LibertyReadGenlib() skipped sequential cell "sky130_fd_sc_hd__dlxtn_2".
ABC: Scl_LibertyReadGenlib() skipped sequential cell "sky130_fd_sc_hd__dlxtn_4".
ABC: Scl_LibertyReadGenlib() skipped sequential cell "sky130_fd_sc_hd__dlxtp_1".
ABC: Scl_LibertyReadGenlib() skipped three-state cell "sky130_fd_sc_hd__ebufn_1".
ABC: Scl_LibertyReadGenlib() skipped three-state cell "sky130_fd_sc_hd__ebufn_2".
ABC: Scl_LibertyReadGenlib() skipped three-state cell "sky130_fd_sc_hd__ebufn_4".
ABC: Scl_LibertyReadGenlib() skipped three-state cell "sky130_fd_sc_hd__ebufn_8".
ABC: Scl_LibertyReadGenlib() skipped sequential cell "sky130_fd_sc_hd__edfxbp_1".
ABC: Scl_LibertyReadGenlib() skipped sequential cell "sky130_fd_sc_hd__edfxtp_1".
ABC: Scl_LibertyReadGenlib() skipped three-state cell "sky130_fd_sc_hd__einvn_0".
ABC: Scl_LibertyReadGenlib() skipped three-state cell "sky130_fd_sc_hd__einvn_1".
ABC: Scl_LibertyReadGenlib() skipped three-state cell "sky130_fd_sc_hd__einvn_2".
ABC: Scl_LibertyReadGenlib() skipped three-state cell "sky130_fd_sc_hd__einvn_4".
ABC: Scl_LibertyReadGenlib() skipped three-state cell "sky130_fd_sc_hd__einvn_8".
ABC: Scl_LibertyReadGenlib() skipped three-state cell "sky130_fd_sc_hd__einvp_1".
ABC: Scl_LibertyReadGenlib() skipped three-state cell "sky130_fd_sc_hd__einvp_2".
ABC: Scl_LibertyReadGenlib() skipped three-state cell "sky130_fd_sc_hd__einvp_4".
ABC: Scl_LibertyReadGenlib() skipped three-state cell "sky130_fd_sc_hd__einvp_8".
ABC: Scl_LibertyReadGenlib() skipped cell "sky130_fd_sc_hd__lpflow_bleeder_1" without logic function.
ABC: Scl_LibertyReadGenlib() skipped cell "sky130_fd_sc_hd__lpflow_decapkapwr_12" without logic function.
ABC: Scl_LibertyReadGenlib() skipped cell "sky130_fd_sc_hd__lpflow_decapkapwr_3" without logic function.
ABC: Scl_LibertyReadGenlib() skipped cell "sky130_fd_sc_hd__lpflow_decapkapwr_4" without logic function.
ABC: Scl_LibertyReadGenlib() skipped cell "sky130_fd_sc_hd__lpflow_decapkapwr_6" without logic function.
ABC: Scl_LibertyReadGenlib() skipped cell "sky130_fd_sc_hd__lpflow_decapkapwr_8" without logic function.
ABC: Scl_LibertyReadGenlib() skipped sequential cell "sky130_fd_sc_hd__lpflow_inputisolatch_1".
ABC: Scl_LibertyReadGenlib() skipped sequential cell "sky130_fd_sc_hd__sdfbbn_1".
ABC: Scl_LibertyReadGenlib() skipped sequential cell "sky130_fd_sc_hd__sdfbbn_2".
ABC: Scl_LibertyReadGenlib() skipped sequential cell "sky130_fd_sc_hd__sdfbbp_1".
ABC: Scl_LibertyReadGenlib() skipped sequential cell "sky130_fd_sc_hd__sdfrbp_1".
ABC: Scl_LibertyReadGenlib() skipped sequential cell "sky130_fd_sc_hd__sdfrbp_2".
ABC: Scl_LibertyReadGenlib() skipped sequential cell "sky130_fd_sc_hd__sdfrtn_1".
ABC: Scl_LibertyReadGenlib() skipped sequential cell "sky130_fd_sc_hd__sdfrtp_1".
ABC: Scl_LibertyReadGenlib() skipped sequential cell "sky130_fd_sc_hd__sdfrtp_2".
ABC: Scl_LibertyReadGenlib() skipped sequential cell "sky130_fd_sc_hd__sdfrtp_4".
ABC: Scl_LibertyReadGenlib() skipped sequential cell "sky130_fd_sc_hd__sdfsbp_1".
ABC: Scl_LibertyReadGenlib() skipped sequential cell "sky130_fd_sc_hd__sdfsbp_2".
ABC: Scl_LibertyReadGenlib() skipped sequential cell "sky130_fd_sc_hd__sdfstp_1".
ABC: Scl_LibertyReadGenlib() skipped sequential cell "sky130_fd_sc_hd__sdfstp_2".
ABC: Scl_LibertyReadGenlib() skipped sequential cell "sky130_fd_sc_hd__sdfstp_4".
ABC: Scl_LibertyReadGenlib() skipped sequential cell "sky130_fd_sc_hd__sdfxbp_1".
ABC: Scl_LibertyReadGenlib() skipped sequential cell "sky130_fd_sc_hd__sdfxbp_2".
ABC: Scl_LibertyReadGenlib() skipped sequential cell "sky130_fd_sc_hd__sdfxtp_1".
ABC: Scl_LibertyReadGenlib() skipped sequential cell "sky130_fd_sc_hd__sdfxtp_2".
ABC: Scl_LibertyReadGenlib() skipped sequential cell "sky130_fd_sc_hd__sdfxtp_4".
ABC: Scl_LibertyReadGenlib() skipped cell "sky130_fd_sc_hd__sdlclkp_1" without logic function.
ABC: Scl_LibertyReadGenlib() skipped cell "sky130_fd_sc_hd__sdlclkp_2" without logic function.
ABC: Scl_LibertyReadGenlib() skipped cell "sky130_fd_sc_hd__sdlclkp_4" without logic function.
ABC: Scl_LibertyReadGenlib() skipped sequential cell "sky130_fd_sc_hd__sedfxbp_1".
ABC: Scl_LibertyReadGenlib() skipped sequential cell "sky130_fd_sc_hd__sedfxbp_2".
ABC: Scl_LibertyReadGenlib() skipped sequential cell "sky130_fd_sc_hd__sedfxtp_1".
ABC: Scl_LibertyReadGenlib() skipped sequential cell "sky130_fd_sc_hd__sedfxtp_2".
ABC: Scl_LibertyReadGenlib() skipped sequential cell "sky130_fd_sc_hd__sedfxtp_4".
ABC: Library "sky130_fd_sc_hd__tt_025C_1v80" from "/Users/matthias/Documents/uni/vadl/chisel/vadl-hwsyn/yosys/lib/sky130_fd_sc_hd__tt_025C_1v80.lib" has 334 cells (94 skipped: 63 seq; 13 tri-state; 18 no func; 0 dont_use; 0 with 2 outputs; 0 with 3+ outputs).  Time =     0.10 sec
ABC: Memory =   19.85 MB. Time =     0.10 sec
ABC: Warning: Detected 9 multi-output cells (for example, "sky130_fd_sc_hd__fa_1").
ABC: + strash 
ABC: + &get -n 
ABC: + &fraig -x 
ABC: + &put 
ABC: + scorr 
ABC: Warning: The network is combinational (run "fraig" or "fraig_sweep").
ABC: + dc2 
ABC: + dretime 
ABC: + strash 
ABC: + &get -n 
ABC: + &dch -f 
ABC: + &nf 
ABC: + &put 
ABC: + write_blif <abc-temp-dir>/output.blif 

12.1.2. Re-integrating ABC results.
ABC RESULTS:   sky130_fd_sc_hd__a2111oi_0 cells:        3
ABC RESULTS:   sky130_fd_sc_hd__a211o_1 cells:        1
ABC RESULTS:   sky130_fd_sc_hd__a211oi_1 cells:        6
ABC RESULTS:   sky130_fd_sc_hd__a21oi_1 cells:       96
ABC RESULTS:   sky130_fd_sc_hd__a22o_1 cells:        2
ABC RESULTS:   sky130_fd_sc_hd__a22oi_1 cells:        1
ABC RESULTS:   sky130_fd_sc_hd__a2bb2oi_1 cells:        3
ABC RESULTS:   sky130_fd_sc_hd__a311oi_1 cells:        3
ABC RESULTS:   sky130_fd_sc_hd__a31oi_1 cells:       15
ABC RESULTS:   sky130_fd_sc_hd__a41o_1 cells:        1
ABC RESULTS:   sky130_fd_sc_hd__and2_0 cells:        1
ABC RESULTS:   sky130_fd_sc_hd__and3_1 cells:        7
ABC RESULTS:   sky130_fd_sc_hd__and3b_1 cells:        3
ABC RESULTS:   sky130_fd_sc_hd__and4_1 cells:        1
ABC RESULTS:   sky130_fd_sc_hd__and4b_1 cells:        2
ABC RESULTS:   sky130_fd_sc_hd__clkinv_1 cells:       72
ABC RESULTS:   sky130_fd_sc_hd__lpflow_inputiso1p_1 cells:        3
ABC RESULTS:   sky130_fd_sc_hd__mux2i_1 cells:       85
ABC RESULTS:   sky130_fd_sc_hd__nand2_1 cells:       47
ABC RESULTS:   sky130_fd_sc_hd__nand2b_1 cells:        1
ABC RESULTS:   sky130_fd_sc_hd__nand3_1 cells:       21
ABC RESULTS:   sky130_fd_sc_hd__nand3b_1 cells:        3
ABC RESULTS:   sky130_fd_sc_hd__nand4_1 cells:       11
ABC RESULTS:   sky130_fd_sc_hd__nand4b_1 cells:        2
ABC RESULTS:   sky130_fd_sc_hd__nand4bb_1 cells:        2
ABC RESULTS:   sky130_fd_sc_hd__nor2_1 cells:      192
ABC RESULTS:   sky130_fd_sc_hd__nor3_1 cells:       98
ABC RESULTS:   sky130_fd_sc_hd__nor3b_1 cells:        1
ABC RESULTS:   sky130_fd_sc_hd__nor4_1 cells:       14
ABC RESULTS:   sky130_fd_sc_hd__nor4b_1 cells:        4
ABC RESULTS:   sky130_fd_sc_hd__o2111ai_1 cells:        4
ABC RESULTS:   sky130_fd_sc_hd__o211ai_1 cells:        3
ABC RESULTS:   sky130_fd_sc_hd__o21a_1 cells:        5
ABC RESULTS:   sky130_fd_sc_hd__o21ai_0 cells:       72
ABC RESULTS:   sky130_fd_sc_hd__o31a_1 cells:        1
ABC RESULTS:   sky130_fd_sc_hd__o32ai_1 cells:        1
ABC RESULTS:   sky130_fd_sc_hd__o41ai_1 cells:        1
ABC RESULTS:   sky130_fd_sc_hd__or3_1 cells:       11
ABC RESULTS:   sky130_fd_sc_hd__or4_1 cells:       11
ABC RESULTS:   sky130_fd_sc_hd__or4b_1 cells:        5
ABC RESULTS:   sky130_fd_sc_hd__xor2_1 cells:        1
ABC RESULTS:        internal signals:      775
ABC RESULTS:           input signals:      437
ABC RESULTS:          output signals:      212
Removing temp directory.
Removing global temp directory.

13. Printing statistics.

=== InstructionDecoder ===

        +----------Local Count, excluding submodules.
        |        +-Local Area, excluding submodules.
        |        | 
     2000        - wires
     5163        - wire bits
       96        - public wires
     1327        - public wire bits
       42        - ports
      480        - port bits
     1024  8.6E+03 cells
        3   26.275   sky130_fd_sc_hd__a2111oi_0
        1    8.758   sky130_fd_sc_hd__a211o_1
        6   45.043   sky130_fd_sc_hd__a211oi_1
       96  480.461   sky130_fd_sc_hd__a21oi_1
        2   17.517   sky130_fd_sc_hd__a22o_1
        1    7.507   sky130_fd_sc_hd__a22oi_1
        3   26.275   sky130_fd_sc_hd__a2bb2oi_1
        3   26.275   sky130_fd_sc_hd__a311oi_1
       15    93.84   sky130_fd_sc_hd__a31oi_1
        1    10.01   sky130_fd_sc_hd__a41o_1
        1    6.256   sky130_fd_sc_hd__and2_0
        7   43.792   sky130_fd_sc_hd__and3_1
        3   26.275   sky130_fd_sc_hd__and3b_1
        1    8.758   sky130_fd_sc_hd__and4_1
        2   20.019   sky130_fd_sc_hd__and4b_1
       72  270.259   sky130_fd_sc_hd__clkinv_1
      208 4.16E+03   sky130_fd_sc_hd__dfxtp_1
        3   18.768   sky130_fd_sc_hd__lpflow_inputiso1p_1
       85  850.816   sky130_fd_sc_hd__mux2i_1
       47  176.419   sky130_fd_sc_hd__nand2_1
        1    6.256   sky130_fd_sc_hd__nand2b_1
       21  105.101   sky130_fd_sc_hd__nand3_1
        3   22.522   sky130_fd_sc_hd__nand3b_1
       11   68.816   sky130_fd_sc_hd__nand4_1
        2   17.517   sky130_fd_sc_hd__nand4b_1
        2   22.522   sky130_fd_sc_hd__nand4bb_1
      192  720.691   sky130_fd_sc_hd__nor2_1
       98   490.47   sky130_fd_sc_hd__nor3_1
        1    7.507   sky130_fd_sc_hd__nor3b_1
       14   87.584   sky130_fd_sc_hd__nor4_1
        4   35.034   sky130_fd_sc_hd__nor4b_1
        4   35.034   sky130_fd_sc_hd__o2111ai_1
        3   22.522   sky130_fd_sc_hd__o211ai_1
        5   37.536   sky130_fd_sc_hd__o21a_1
       72  360.346   sky130_fd_sc_hd__o21ai_0
        1    8.758   sky130_fd_sc_hd__o31a_1
        1    8.758   sky130_fd_sc_hd__o32ai_1
        1    8.758   sky130_fd_sc_hd__o41ai_1
       11   68.816   sky130_fd_sc_hd__or3_1
       11   82.579   sky130_fd_sc_hd__or4_1
        5   50.048   sky130_fd_sc_hd__or4b_1
        1    8.758   sky130_fd_sc_hd__xor2_1

   Chip area for module '\InstructionDecoder': 8603.251200
     of which used for sequential elements: 4163.993600 (48.40%)

Removed 0 unused cells and 1093 unused wires.

14. Executing Verilog backend.

14.1. Executing BMUXMAP pass.

14.2. Executing DEMUXMAP pass.
Dumping module `\InstructionDecoder'.

End of script. Logfile hash: c94ccd983e, CPU: user 0.26s system 0.03s, MEM: 60.89 MB peak
Yosys 0.58 (git sha1 157aabb5831cc77d08346001c4a085f188d7c736, clang++ 17.0.0 -fPIC -O3)
Time spent: 49% 1x abc (0 sec), 6% 13x opt_expr (0 sec), ...
