Startpoint: io_read_readMEM1_result_in_data[7] (input port clocked by core_clk)
Endpoint: io_readX0_result_in_enable (output port clocked by core_clk)
Path Group: core_clk
Path Type: max

  Delay    Time   Description
---------------------------------------------------------
   0.00    0.00   clock core_clk (rise edge)
   0.00    0.00   clock network delay (ideal)
   1.00    1.00 v input external delay
   0.00    1.00 v io_read_readMEM1_result_in_data[7] (in)
   0.54    1.54 v _1208_/X (sky130_fd_sc_hd__or4_1)
   0.17    1.72 ^ _1210_/Y (sky130_fd_sc_hd__nor2_1)
   0.20    1.92 v _1226_/Y (sky130_fd_sc_hd__o311ai_0)
   0.15    2.07 ^ _0974_/Y (sky130_fd_sc_hd__nand3_1)
   0.06    2.13 v _0975_/Y (sky130_fd_sc_hd__nor2_1)
   0.25    2.38 ^ _0977_/Y (sky130_fd_sc_hd__a2111oi_0)
   0.00    2.38 ^ io_readX0_result_in_enable (out)
           2.38   data arrival time

   5.00    5.00   clock core_clk (rise edge)
   0.00    5.00   clock network delay (ideal)
   0.00    5.00   clock reconvergence pessimism
  -1.00    4.00   output external delay
           4.00   data required time
---------------------------------------------------------
           4.00   data required time
          -2.38   data arrival time
---------------------------------------------------------
           1.62   slack (MET)
