Startpoint: io_read_readMEM1_result_in_data[25] (input port clocked by core_clk)
Endpoint: io_readX0_result_in_enable (output port clocked by core_clk)
Path Group: core_clk
Path Type: max

  Delay    Time   Description
---------------------------------------------------------
   0.00    0.00   clock core_clk (rise edge)
   0.00    0.00   clock network delay (ideal)
   1.00    1.00 ^ input external delay
   0.00    1.00 ^ io_read_readMEM1_result_in_data[25] (in)
   0.67    1.67 ^ _0850_/Y (sky130_fd_sc_hd__nor4bb_1)
   0.27    1.95 v _0971_/Y (sky130_fd_sc_hd__nand3_1)
   0.29    2.23 v _0983_/X (sky130_fd_sc_hd__a41o_1)
   0.14    2.37 v _0990_/X (sky130_fd_sc_hd__lpflow_isobufsrc_1)
   0.11    2.48 ^ _1505_/Y (sky130_fd_sc_hd__a22oi_1)
   0.14    2.62 ^ _1506_/X (sky130_fd_sc_hd__and3b_1)
   0.00    2.62 ^ io_readX0_result_in_enable (out)
           2.62   data arrival time

   5.00    5.00   clock core_clk (rise edge)
   0.00    5.00   clock network delay (ideal)
   0.00    5.00   clock reconvergence pessimism
  -1.00    4.00   output external delay
           4.00   data required time
---------------------------------------------------------
           4.00   data required time
          -2.62   data arrival time
---------------------------------------------------------
           1.38   slack (MET)

