
 /----------------------------------------------------------------------------\
 |  yosys -- Yosys Open SYnthesis Suite                                       |
 |  Copyright (C) 2012 - 2025  Claire Xenia Wolf <claire@yosyshq.com>         |
 |  Distributed under an ISC-like license, type "license" to see terms        |
 \----------------------------------------------------------------------------/
 Yosys 0.58 (git sha1 157aabb5831cc77d08346001c4a085f188d7c736, clang++ 17.0.0 -fPIC -O3)

-- Executing script file `script.ys' --

1. Executing Verilog-2005 frontend: rtl/decode_table_generated.sv
Parsing SystemVerilog input from `rtl/decode_table_generated.sv' to AST representation.
verilog frontend filename rtl/decode_table_generated.sv
Generating RTLIL representation for module `\DECODE'.
Successfully finished Verilog frontend.

2. Executing HIERARCHY pass (managing design hierarchy).

2.1. Analyzing design hierarchy..
Top module:  \DECODE

2.2. Analyzing design hierarchy..
Top module:  \DECODE
Removed 0 unused modules.

3. Executing PROC pass (convert processes to netlists).

3.1. Executing PROC_CLEAN pass (remove empty switches from decision trees).
Cleaned up 0 empty switches.

3.2. Executing PROC_RMDEAD pass (remove dead branches from decision trees).
Marked 1 switch rules as full_case in process $proc$rtl/decode_table_generated.sv:647$71 in module DECODE.
Removed a total of 0 dead cases.

3.3. Executing PROC_PRUNE pass (remove redundant assignments in processes).
Removed 0 redundant assignments.
Promoted 0 assignments to connections.

3.4. Executing PROC_INIT pass (extract init attributes).

3.5. Executing PROC_ARST pass (detect async resets in processes).

3.6. Executing PROC_ROM pass (convert switches to ROMs).
Converted 0 switches.
<suppressed ~2 debug messages>

3.7. Executing PROC_MUX pass (convert decision trees to multiplexers).
Creating decoders for process `\DECODE.$proc$rtl/decode_table_generated.sv:647$71'.
     1/21: $0\writePC1_value[31:0]
     2/21: $0\readMEM1_addr[31:0]
     3/21: $0\readX1_result[31:0]
     4/21: $0\readX0_result[31:0]
     5/21: $0\invalid_insn[0:0]
     6/21: $0\sel_readMEM0_addr[4:0]
     7/21: $0\bin_writeX0_value[2:0]
     8/21: $0\sel_writeMEM0_words[1:0]
     9/21: $0\bin_readMEM0_words[1:0]
    10/21: $0\bin_writePC0_value[1:0]
    11/21: $0\n248[2:0]
    12/21: $0\is_L[0:0]
    13/21: $0\is_S[0:0]
    14/21: $0\is_JALRBEQJALBLTUBGEUBGEBLTBNE[0:0]
    15/21: $0\writeX0_enable[0:0]
    16/21: $0\n204[31:0]
    17/21: $0\rs2_neq_0[0:0]
    18/21: $0\rs1_neq_0[0:0]
    19/21: $0\readMEM0_addr[31:0]
    20/21: $0\rs2[4:0]
    21/21: $0\rd[4:0]

3.8. Executing PROC_DLATCH pass (convert process syncs to latches).

3.9. Executing PROC_DFF pass (convert process syncs to FFs).
Creating register for signal `\DECODE.\rd' using process `\DECODE.$proc$rtl/decode_table_generated.sv:647$71'.
  created $dff cell `$procdff$278' with positive edge clock.
Creating register for signal `\DECODE.\rs2' using process `\DECODE.$proc$rtl/decode_table_generated.sv:647$71'.
  created $dff cell `$procdff$279' with positive edge clock.
Creating register for signal `\DECODE.\readMEM0_addr' using process `\DECODE.$proc$rtl/decode_table_generated.sv:647$71'.
  created $dff cell `$procdff$280' with positive edge clock.
Creating register for signal `\DECODE.\rs1_neq_0' using process `\DECODE.$proc$rtl/decode_table_generated.sv:647$71'.
  created $dff cell `$procdff$281' with positive edge clock.
Creating register for signal `\DECODE.\rs2_neq_0' using process `\DECODE.$proc$rtl/decode_table_generated.sv:647$71'.
  created $dff cell `$procdff$282' with positive edge clock.
Creating register for signal `\DECODE.\n204' using process `\DECODE.$proc$rtl/decode_table_generated.sv:647$71'.
  created $dff cell `$procdff$283' with positive edge clock.
Creating register for signal `\DECODE.\writeX0_enable' using process `\DECODE.$proc$rtl/decode_table_generated.sv:647$71'.
  created $dff cell `$procdff$284' with positive edge clock.
Creating register for signal `\DECODE.\is_JALRBEQJALBLTUBGEUBGEBLTBNE' using process `\DECODE.$proc$rtl/decode_table_generated.sv:647$71'.
  created $dff cell `$procdff$285' with positive edge clock.
Creating register for signal `\DECODE.\is_S' using process `\DECODE.$proc$rtl/decode_table_generated.sv:647$71'.
  created $dff cell `$procdff$286' with positive edge clock.
Creating register for signal `\DECODE.\is_L' using process `\DECODE.$proc$rtl/decode_table_generated.sv:647$71'.
  created $dff cell `$procdff$287' with positive edge clock.
Creating register for signal `\DECODE.\n248' using process `\DECODE.$proc$rtl/decode_table_generated.sv:647$71'.
  created $dff cell `$procdff$288' with positive edge clock.
Creating register for signal `\DECODE.\bin_writePC0_value' using process `\DECODE.$proc$rtl/decode_table_generated.sv:647$71'.
  created $dff cell `$procdff$289' with positive edge clock.
Creating register for signal `\DECODE.\bin_readMEM0_words' using process `\DECODE.$proc$rtl/decode_table_generated.sv:647$71'.
  created $dff cell `$procdff$290' with positive edge clock.
Creating register for signal `\DECODE.\sel_writeMEM0_words' using process `\DECODE.$proc$rtl/decode_table_generated.sv:647$71'.
  created $dff cell `$procdff$291' with positive edge clock.
Creating register for signal `\DECODE.\bin_writeX0_value' using process `\DECODE.$proc$rtl/decode_table_generated.sv:647$71'.
  created $dff cell `$procdff$292' with positive edge clock.
Creating register for signal `\DECODE.\sel_readMEM0_addr' using process `\DECODE.$proc$rtl/decode_table_generated.sv:647$71'.
  created $dff cell `$procdff$293' with positive edge clock.
Creating register for signal `\DECODE.\invalid_insn' using process `\DECODE.$proc$rtl/decode_table_generated.sv:647$71'.
  created $dff cell `$procdff$294' with positive edge clock.
Creating register for signal `\DECODE.\readX0_result' using process `\DECODE.$proc$rtl/decode_table_generated.sv:647$71'.
  created $dff cell `$procdff$295' with positive edge clock.
Creating register for signal `\DECODE.\readX1_result' using process `\DECODE.$proc$rtl/decode_table_generated.sv:647$71'.
  created $dff cell `$procdff$296' with positive edge clock.
Creating register for signal `\DECODE.\readMEM1_addr' using process `\DECODE.$proc$rtl/decode_table_generated.sv:647$71'.
  created $dff cell `$procdff$297' with positive edge clock.
Creating register for signal `\DECODE.\writePC1_value' using process `\DECODE.$proc$rtl/decode_table_generated.sv:647$71'.
  created $dff cell `$procdff$298' with positive edge clock.

3.10. Executing PROC_MEMWR pass (convert process memory writes to cells).

3.11. Executing PROC_CLEAN pass (remove empty switches from decision trees).
Found and cleaned up 2 empty switches in `\DECODE.$proc$rtl/decode_table_generated.sv:647$71'.
Removing empty process `DECODE.$proc$rtl/decode_table_generated.sv:647$71'.
Cleaned up 2 empty switches.

3.12. Executing OPT_EXPR pass (perform const folding).
Optimizing module DECODE.
<suppressed ~1 debug messages>

4. Executing OPT pass (performing simple optimizations).

4.1. Executing OPT_EXPR pass (perform const folding).
Optimizing module DECODE.
<suppressed ~2 debug messages>

4.2. Executing OPT_MERGE pass (detect identical cells).
Finding identical cells in module `\DECODE'.
<suppressed ~246 debug messages>
Removed a total of 82 cells.

4.3. Executing OPT_MUXTREE pass (detect dead branches in mux trees).
Running muxtree optimizer on module \DECODE..
  Creating internal representation of mux trees.
  Evaluating internal representation of mux trees.
  Analyzing evaluation results.
Removed 0 multiplexer ports.
<suppressed ~65 debug messages>

4.4. Executing OPT_REDUCE pass (consolidate $*mux and $reduce_* inputs).
  Optimizing cells in module \DECODE.
Performed a total of 0 changes.

4.5. Executing OPT_MERGE pass (detect identical cells).
Finding identical cells in module `\DECODE'.
Removed a total of 0 cells.

4.6. Executing OPT_DFF pass (perform DFF optimizations).
Adding SRST signal on $procdff$298 ($dff) from module DECODE (D = $procmux$173_Y, Q = \writePC1_value, rval = 0).
Adding EN signal on $auto$ff.cc:266:slice$299 ($sdff) from module DECODE (D = \io_read_writePC1_value_in_data, Q = \writePC1_value).
Adding SRST signal on $procdff$278 ($dff) from module DECODE (D = $procmux$273_Y, Q = \rd, rval = 5'00000).
Adding EN signal on $auto$ff.cc:266:slice$301 ($sdff) from module DECODE (D = \io_read_readMEM1_result_in_data [11:7], Q = \rd).
Adding SRST signal on $procdff$279 ($dff) from module DECODE (D = $procmux$268_Y, Q = \rs2, rval = 5'00000).
Adding EN signal on $auto$ff.cc:266:slice$303 ($sdff) from module DECODE (D = \io_read_readMEM1_result_in_data [24:20], Q = \rs2).
Adding SRST signal on $procdff$280 ($dff) from module DECODE (D = $procmux$263_Y, Q = \readMEM0_addr, rval = 0).
Adding EN signal on $auto$ff.cc:266:slice$305 ($sdff) from module DECODE (D = { \io_read_readMEM1_result_in_data [31:12] 12'000000000000 }, Q = \readMEM0_addr).
Adding SRST signal on $procdff$281 ($dff) from module DECODE (D = $procmux$258_Y, Q = \rs1_neq_0, rval = 1'0).
Adding EN signal on $auto$ff.cc:266:slice$307 ($sdff) from module DECODE (D = $reduce_or$rtl/decode_table_generated.sv:675$72_Y, Q = \rs1_neq_0).
Adding SRST signal on $procdff$282 ($dff) from module DECODE (D = $procmux$253_Y, Q = \rs2_neq_0, rval = 1'0).
Adding EN signal on $auto$ff.cc:266:slice$309 ($sdff) from module DECODE (D = $reduce_or$rtl/decode_table_generated.sv:676$73_Y, Q = \rs2_neq_0).
Adding SRST signal on $procdff$283 ($dff) from module DECODE (D = $procmux$248_Y, Q = \n204, rval = 0).
Adding EN signal on $auto$ff.cc:266:slice$311 ($sdff) from module DECODE (D = $shiftx$rtl/decode_table_generated.sv:678$86_Y, Q = \n204).
Adding SRST signal on $procdff$284 ($dff) from module DECODE (D = $procmux$243_Y, Q = \writeX0_enable, rval = 1'0).
Adding EN signal on $auto$ff.cc:266:slice$313 ($sdff) from module DECODE (D = $and$rtl/decode_table_generated.sv:692$100_Y, Q = \writeX0_enable).
Adding SRST signal on $procdff$285 ($dff) from module DECODE (D = $procmux$238_Y, Q = \is_JALRBEQJALBLTUBGEUBGEBLTBNE, rval = 1'0).
Adding EN signal on $auto$ff.cc:266:slice$315 ($sdff) from module DECODE (D = $reduce_or$rtl/decode_table_generated.sv:712$105_Y, Q = \is_JALRBEQJALBLTUBGEUBGEBLTBNE).
Adding SRST signal on $procdff$286 ($dff) from module DECODE (D = $procmux$233_Y, Q = \is_S, rval = 1'0).
Adding EN signal on $auto$ff.cc:266:slice$317 ($sdff) from module DECODE (D = $reduce_or$rtl/decode_table_generated.sv:716$108_Y, Q = \is_S).
Adding SRST signal on $procdff$287 ($dff) from module DECODE (D = $procmux$228_Y, Q = \is_L, rval = 1'0).
Adding EN signal on $auto$ff.cc:266:slice$319 ($sdff) from module DECODE (D = $reduce_or$rtl/decode_table_generated.sv:717$111_Y, Q = \is_L).
Adding SRST signal on $procdff$288 ($dff) from module DECODE (D = $procmux$223_Y, Q = \n248, rval = 3'000).
Adding EN signal on $auto$ff.cc:266:slice$321 ($sdff) from module DECODE (D = { $reduce_or$rtl/decode_table_generated.sv:719$123_Y $reduce_or$rtl/decode_table_generated.sv:730$119_Y $reduce_or$rtl/decode_table_generated.sv:741$115_Y }, Q = \n248).
Adding SRST signal on $procdff$289 ($dff) from module DECODE (D = $procmux$218_Y, Q = \bin_writePC0_value, rval = 2'00).
Adding EN signal on $auto$ff.cc:266:slice$323 ($sdff) from module DECODE (D = { $reduce_and$rtl/decode_table_generated.sv:762$125_Y $reduce_and$rtl/decode_table_generated.sv:762$124_Y }, Q = \bin_writePC0_value).
Adding SRST signal on $procdff$290 ($dff) from module DECODE (D = $procmux$213_Y, Q = \bin_readMEM0_words, rval = 2'00).
Adding EN signal on $auto$ff.cc:266:slice$325 ($sdff) from module DECODE (D = { $reduce_and$rtl/decode_table_generated.sv:764$127_Y $reduce_and$rtl/decode_table_generated.sv:765$126_Y }, Q = \bin_readMEM0_words).
Adding SRST signal on $procdff$291 ($dff) from module DECODE (D = $procmux$208_Y, Q = \sel_writeMEM0_words, rval = 2'00).
Adding EN signal on $auto$ff.cc:266:slice$327 ($sdff) from module DECODE (D = { $reduce_and$rtl/decode_table_generated.sv:776$129_Y $reduce_and$rtl/decode_table_generated.sv:786$128_Y }, Q = \sel_writeMEM0_words).
Adding SRST signal on $procdff$292 ($dff) from module DECODE (D = $procmux$203_Y, Q = \bin_writeX0_value, rval = 3'000).
Adding EN signal on $auto$ff.cc:266:slice$329 ($sdff) from module DECODE (D = { $reduce_or$rtl/decode_table_generated.sv:797$152_Y $reduce_and$rtl/decode_table_generated.sv:815$141_Y $reduce_or$rtl/decode_table_generated.sv:816$140_Y }, Q = \bin_writeX0_value).
Adding SRST signal on $procdff$293 ($dff) from module DECODE (D = $procmux$198_Y, Q = \sel_readMEM0_addr, rval = 5'00000).
Adding EN signal on $auto$ff.cc:266:slice$331 ($sdff) from module DECODE (D = { $reduce_or$rtl/decode_table_generated.sv:416$70_Y $reduce_or$rtl/decode_table_generated.sv:430$63_Y $reduce_or$rtl/decode_table_generated.sv:449$58_Y $reduce_or$rtl/decode_table_generated.sv:488$48_Y $reduce_or$rtl/decode_table_generated.sv:549$39_Y }, Q = \sel_readMEM0_addr).
Adding SRST signal on $procdff$294 ($dff) from module DECODE (D = $procmux$193_Y, Q = \invalid_insn, rval = 1'0).
Adding EN signal on $auto$ff.cc:266:slice$333 ($sdff) from module DECODE (D = $eq$rtl/decode_table_generated.sv:836$166_Y, Q = \invalid_insn).
Adding SRST signal on $procdff$295 ($dff) from module DECODE (D = $procmux$188_Y, Q = \readX0_result, rval = 0).
Adding EN signal on $auto$ff.cc:266:slice$335 ($sdff) from module DECODE (D = $ternary$rtl/decode_table_generated.sv:239$16_Y, Q = \readX0_result).
Adding SRST signal on $procdff$296 ($dff) from module DECODE (D = $procmux$183_Y, Q = \readX1_result, rval = 0).
Adding EN signal on $auto$ff.cc:266:slice$337 ($sdff) from module DECODE (D = $ternary$rtl/decode_table_generated.sv:248$26_Y, Q = \readX1_result).
Adding SRST signal on $procdff$297 ($dff) from module DECODE (D = $procmux$178_Y, Q = \readMEM1_addr, rval = 0).
Adding EN signal on $auto$ff.cc:266:slice$339 ($sdff) from module DECODE (D = \io_read_readMEM1_addr_in_data, Q = \readMEM1_addr).
Setting constant 0-bit at position 0 on $auto$ff.cc:266:slice$306 ($sdffe) from module DECODE.
Setting constant 0-bit at position 1 on $auto$ff.cc:266:slice$306 ($sdffe) from module DECODE.
Setting constant 0-bit at position 2 on $auto$ff.cc:266:slice$306 ($sdffe) from module DECODE.
Setting constant 0-bit at position 3 on $auto$ff.cc:266:slice$306 ($sdffe) from module DECODE.
Setting constant 0-bit at position 4 on $auto$ff.cc:266:slice$306 ($sdffe) from module DECODE.
Setting constant 0-bit at position 5 on $auto$ff.cc:266:slice$306 ($sdffe) from module DECODE.
Setting constant 0-bit at position 6 on $auto$ff.cc:266:slice$306 ($sdffe) from module DECODE.
Setting constant 0-bit at position 7 on $auto$ff.cc:266:slice$306 ($sdffe) from module DECODE.
Setting constant 0-bit at position 8 on $auto$ff.cc:266:slice$306 ($sdffe) from module DECODE.
Setting constant 0-bit at position 9 on $auto$ff.cc:266:slice$306 ($sdffe) from module DECODE.
Setting constant 0-bit at position 10 on $auto$ff.cc:266:slice$306 ($sdffe) from module DECODE.
Setting constant 0-bit at position 11 on $auto$ff.cc:266:slice$306 ($sdffe) from module DECODE.

4.7. Executing OPT_CLEAN pass (remove unused cells and wires).
Finding unused cells or wires in module \DECODE..
Removed 42 unused cells and 202 unused wires.
<suppressed ~43 debug messages>

4.8. Executing OPT_EXPR pass (perform const folding).
Optimizing module DECODE.

4.9. Rerunning OPT passes. (Maybe there is more to do..)

4.10. Executing OPT_MUXTREE pass (detect dead branches in mux trees).
Running muxtree optimizer on module \DECODE..
  Creating internal representation of mux trees.
  Evaluating internal representation of mux trees.
  Analyzing evaluation results.
Removed 0 multiplexer ports.
<suppressed ~4 debug messages>

4.11. Executing OPT_REDUCE pass (consolidate $*mux and $reduce_* inputs).
  Optimizing cells in module \DECODE.
Performed a total of 0 changes.

4.12. Executing OPT_MERGE pass (detect identical cells).
Finding identical cells in module `\DECODE'.
Removed a total of 0 cells.

4.13. Executing OPT_DFF pass (perform DFF optimizations).

4.14. Executing OPT_CLEAN pass (remove unused cells and wires).
Finding unused cells or wires in module \DECODE..

4.15. Executing OPT_EXPR pass (perform const folding).
Optimizing module DECODE.

4.16. Finished fast OPT passes. (There is nothing left to do.)

5. Executing FSM pass (extract and optimize FSM).

5.1. Executing FSM_DETECT pass (finding FSMs in design).

5.2. Executing FSM_EXTRACT pass (extracting FSM from design).

5.3. Executing FSM_OPT pass (simple optimizations of FSMs).

5.4. Executing OPT_CLEAN pass (remove unused cells and wires).
Finding unused cells or wires in module \DECODE..

5.5. Executing FSM_OPT pass (simple optimizations of FSMs).

5.6. Executing FSM_RECODE pass (re-assigning FSM state encoding).

5.7. Executing FSM_INFO pass (dumping all available information on FSM cells).

5.8. Executing FSM_MAP pass (mapping FSMs to basic logic).

6. Executing OPT pass (performing simple optimizations).

6.1. Executing OPT_EXPR pass (perform const folding).
Optimizing module DECODE.

6.2. Executing OPT_MERGE pass (detect identical cells).
Finding identical cells in module `\DECODE'.
Removed a total of 0 cells.

6.3. Executing OPT_MUXTREE pass (detect dead branches in mux trees).
Running muxtree optimizer on module \DECODE..
  Creating internal representation of mux trees.
  Evaluating internal representation of mux trees.
  Analyzing evaluation results.
Removed 0 multiplexer ports.
<suppressed ~4 debug messages>

6.4. Executing OPT_REDUCE pass (consolidate $*mux and $reduce_* inputs).
  Optimizing cells in module \DECODE.
Performed a total of 0 changes.

6.5. Executing OPT_MERGE pass (detect identical cells).
Finding identical cells in module `\DECODE'.
Removed a total of 0 cells.

6.6. Executing OPT_DFF pass (perform DFF optimizations).

6.7. Executing OPT_CLEAN pass (remove unused cells and wires).
Finding unused cells or wires in module \DECODE..

6.8. Executing OPT_EXPR pass (perform const folding).
Optimizing module DECODE.

6.9. Finished fast OPT passes. (There is nothing left to do.)

7. Executing MEMORY pass.

7.1. Executing OPT_MEM pass (optimize memories).
Performed a total of 0 transformations.

7.2. Executing OPT_MEM_PRIORITY pass (removing unnecessary memory write priority relations).
Performed a total of 0 transformations.

7.3. Executing OPT_MEM_FEEDBACK pass (finding memory read-to-write feedback paths).

7.4. Executing MEMORY_BMUX2ROM pass (converting muxes to ROMs).

7.5. Executing MEMORY_DFF pass (merging $dff cells to $memrd).

7.6. Executing OPT_CLEAN pass (remove unused cells and wires).
Finding unused cells or wires in module \DECODE..

7.7. Executing MEMORY_SHARE pass (consolidating $memrd/$memwr cells).

7.8. Executing OPT_MEM_WIDEN pass (optimize memories where all ports are wide).
Performed a total of 0 transformations.

7.9. Executing OPT_CLEAN pass (remove unused cells and wires).
Finding unused cells or wires in module \DECODE..

7.10. Executing MEMORY_COLLECT pass (generating $mem cells).

7.11. Executing MEMORY_MAP pass (converting memories to logic and flip-flops).

8. Executing OPT pass (performing simple optimizations).

8.1. Executing OPT_EXPR pass (perform const folding).
Optimizing module DECODE.

8.2. Executing OPT_MERGE pass (detect identical cells).
Finding identical cells in module `\DECODE'.
Removed a total of 0 cells.

8.3. Executing OPT_MUXTREE pass (detect dead branches in mux trees).
Running muxtree optimizer on module \DECODE..
  Creating internal representation of mux trees.
  Evaluating internal representation of mux trees.
  Analyzing evaluation results.
Removed 0 multiplexer ports.
<suppressed ~4 debug messages>

8.4. Executing OPT_REDUCE pass (consolidate $*mux and $reduce_* inputs).
  Optimizing cells in module \DECODE.
Performed a total of 0 changes.

8.5. Executing OPT_MERGE pass (detect identical cells).
Finding identical cells in module `\DECODE'.
Removed a total of 0 cells.

8.6. Executing OPT_DFF pass (perform DFF optimizations).

8.7. Executing OPT_CLEAN pass (remove unused cells and wires).
Finding unused cells or wires in module \DECODE..

8.8. Executing OPT_EXPR pass (perform const folding).
Optimizing module DECODE.

8.9. Finished fast OPT passes. (There is nothing left to do.)

9. Executing TECHMAP pass (map to technology primitives).

9.1. Executing Verilog-2005 frontend: /opt/homebrew/bin/../share/yosys/techmap.v
Parsing Verilog input from `/opt/homebrew/bin/../share/yosys/techmap.v' to AST representation.
verilog frontend filename /opt/homebrew/bin/../share/yosys/techmap.v
Generating RTLIL representation for module `\_90_simplemap_bool_ops'.
Generating RTLIL representation for module `\_90_simplemap_reduce_ops'.
Generating RTLIL representation for module `\_90_simplemap_logic_ops'.
Generating RTLIL representation for module `\_90_simplemap_compare_ops'.
Generating RTLIL representation for module `\_90_simplemap_various'.
Generating RTLIL representation for module `\_90_simplemap_registers'.
Generating RTLIL representation for module `\_90_shift_ops_shr_shl_sshl_sshr'.
Generating RTLIL representation for module `\_90_shift_shiftx'.
Generating RTLIL representation for module `\_90_fa'.
Generating RTLIL representation for module `\_90_lcu_brent_kung'.
Generating RTLIL representation for module `\_90_alu'.
Generating RTLIL representation for module `\_90_macc'.
Generating RTLIL representation for module `\_90_alumacc'.
Generating RTLIL representation for module `\$__div_mod_u'.
Generating RTLIL representation for module `\$__div_mod_trunc'.
Generating RTLIL representation for module `\_90_div'.
Generating RTLIL representation for module `\_90_mod'.
Generating RTLIL representation for module `\$__div_mod_floor'.
Generating RTLIL representation for module `\_90_divfloor'.
Generating RTLIL representation for module `\_90_modfloor'.
Generating RTLIL representation for module `\_90_pow'.
Generating RTLIL representation for module `\_90_pmux'.
Generating RTLIL representation for module `\_90_demux'.
Generating RTLIL representation for module `\_90_lut'.
Generating RTLIL representation for module `\$connect'.
Generating RTLIL representation for module `\$input_port'.
Successfully finished Verilog frontend.

9.2. Continuing TECHMAP pass.
Using extmapper simplemap for cells of type $not.
Using extmapper simplemap for cells of type $sdffe.
Using extmapper simplemap for cells of type $reduce_or.
Using extmapper simplemap for cells of type $and.
Using extmapper simplemap for cells of type $mux.
Using extmapper simplemap for cells of type $reduce_and.
Using template $paramod$constmap:6fcaf27e214947eeff9f1c47e683955439de86ee$paramod$f078c9a1c41d1b9c2636557fd2fc6ded1957fdb6\_90_shift_shiftx for cells of type $shiftx.
Using extmapper simplemap for cells of type $logic_not.
No more expansions possible.
<suppressed ~841 debug messages>

10. Executing OPT pass (performing simple optimizations).

10.1. Executing OPT_EXPR pass (perform const folding).
Optimizing module DECODE.
<suppressed ~1663 debug messages>

10.2. Executing OPT_MERGE pass (detect identical cells).
Finding identical cells in module `\DECODE'.
<suppressed ~2025 debug messages>
Removed a total of 675 cells.

10.3. Executing OPT_MUXTREE pass (detect dead branches in mux trees).
Running muxtree optimizer on module \DECODE..
  Creating internal representation of mux trees.
  No muxes found in this module.
Removed 0 multiplexer ports.

10.4. Executing OPT_REDUCE pass (consolidate $*mux and $reduce_* inputs).
  Optimizing cells in module \DECODE.
Performed a total of 0 changes.

10.5. Executing OPT_MERGE pass (detect identical cells).
Finding identical cells in module `\DECODE'.
Removed a total of 0 cells.

10.6. Executing OPT_DFF pass (perform DFF optimizations).

10.7. Executing OPT_CLEAN pass (remove unused cells and wires).
Finding unused cells or wires in module \DECODE..
Removed 187 unused cells and 116 unused wires.
<suppressed ~188 debug messages>

10.8. Executing OPT_EXPR pass (perform const folding).
Optimizing module DECODE.

10.9. Rerunning OPT passes. (Maybe there is more to do..)

10.10. Executing OPT_MUXTREE pass (detect dead branches in mux trees).
Running muxtree optimizer on module \DECODE..
  Creating internal representation of mux trees.
  No muxes found in this module.
Removed 0 multiplexer ports.

10.11. Executing OPT_REDUCE pass (consolidate $*mux and $reduce_* inputs).
  Optimizing cells in module \DECODE.
Performed a total of 0 changes.

10.12. Executing OPT_MERGE pass (detect identical cells).
Finding identical cells in module `\DECODE'.
Removed a total of 0 cells.

10.13. Executing OPT_DFF pass (perform DFF optimizations).

10.14. Executing OPT_CLEAN pass (remove unused cells and wires).
Finding unused cells or wires in module \DECODE..

10.15. Executing OPT_EXPR pass (perform const folding).
Optimizing module DECODE.

10.16. Finished fast OPT passes. (There is nothing left to do.)

11. Executing DFFLIBMAP pass (mapping DFF cells to sequential cells from liberty file).
  cell sky130_fd_sc_hd__dfxtp_1 (noninv, pins=3, area=20.02) is a direct match for cell type $_DFF_P_.
  cell sky130_fd_sc_hd__dfrtn_1 (noninv, pins=4, area=25.02) is a direct match for cell type $_DFF_NN0_.
  cell sky130_fd_sc_hd__dfrtp_1 (noninv, pins=4, area=25.02) is a direct match for cell type $_DFF_PN0_.
  cell sky130_fd_sc_hd__dfstp_2 (noninv, pins=4, area=26.28) is a direct match for cell type $_DFF_PN1_.
  cell sky130_fd_sc_hd__edfxtp_1 (noninv, pins=4, area=30.03) is a direct match for cell type $_DFFE_PP_.
  cell sky130_fd_sc_hd__dfbbn_1 (noninv, pins=6, area=32.53) is a direct match for cell type $_DFFSR_NNN_.
  cell sky130_fd_sc_hd__dfbbp_1 (noninv, pins=6, area=32.53) is a direct match for cell type $_DFFSR_PNN_.
  final dff cell mappings:
    unmapped dff cell: $_DFF_N_
    \sky130_fd_sc_hd__dfxtp_1 _DFF_P_ (.CLK( C), .D( D), .Q( Q));
    \sky130_fd_sc_hd__dfrtn_1 _DFF_NN0_ (.CLK_N( C), .D( D), .Q( Q), .RESET_B( R));
    unmapped dff cell: $_DFF_NN1_
    unmapped dff cell: $_DFF_NP0_
    unmapped dff cell: $_DFF_NP1_
    \sky130_fd_sc_hd__dfrtp_1 _DFF_PN0_ (.CLK( C), .D( D), .Q( Q), .RESET_B( R));
    \sky130_fd_sc_hd__dfstp_2 _DFF_PN1_ (.CLK( C), .D( D), .Q( Q), .SET_B( R));
    unmapped dff cell: $_DFF_PP0_
    unmapped dff cell: $_DFF_PP1_
    unmapped dff cell: $_DFFE_NN_
    unmapped dff cell: $_DFFE_NP_
    unmapped dff cell: $_DFFE_PN_
    \sky130_fd_sc_hd__edfxtp_1 _DFFE_PP_ (.CLK( C), .D( D), .DE( E), .Q( Q));
    \sky130_fd_sc_hd__dfbbn_1 _DFFSR_NNN_ (.CLK_N( C), .D( D), .Q( Q), .Q_N(~Q), .RESET_B( R), .SET_B( S));
    unmapped dff cell: $_DFFSR_NNP_
    unmapped dff cell: $_DFFSR_NPN_
    unmapped dff cell: $_DFFSR_NPP_
    \sky130_fd_sc_hd__dfbbp_1 _DFFSR_PNN_ (.CLK( C), .D( D), .Q( Q), .Q_N(~Q), .RESET_B( R), .SET_B( S));
    unmapped dff cell: $_DFFSR_PNP_
    unmapped dff cell: $_DFFSR_PPN_
    unmapped dff cell: $_DFFSR_PPP_

11.1. Executing DFFLEGALIZE pass (convert FFs to types supported by the target).
<suppressed ~24 debug messages>
Mapping DFF cells in module `\DECODE':
  mapped 208 $_DFF_P_ cells to \sky130_fd_sc_hd__dfxtp_1 cells.

12. Executing ABC pass (technology mapping using ABC).

12.1. Extracting gate netlist of module `\DECODE' to `<abc-temp-dir>/input.blif'..

12.1.1. Executed ABC.
Extracted 951 gates and 1388 wires to a netlist network with 436 inputs and 212 outputs.
Running ABC script: <abc-temp-dir>/abc.script
ABC: ABC command line: "source <abc-temp-dir>/abc.script".
ABC: 
ABC: + read_blif <abc-temp-dir>/input.blif 
ABC: + read_lib -w /Users/matthias/Documents/uni/vadl/chisel/vadl-hwsyn/yosys/lib/sky130_fd_sc_hd__tt_025C_1v80.lib 
ABC: Parsing finished successfully.  Parsing time =     0.07 sec
ABC: Scl_LibertyReadGenlib() skipped cell "sky130_fd_sc_hd__decap_12" without logic function.
ABC: Scl_LibertyReadGenlib() skipped cell "sky130_fd_sc_hd__decap_3" without logic function.
ABC: Scl_LibertyReadGenlib() skipped cell "sky130_fd_sc_hd__decap_4" without logic function.
ABC: Scl_LibertyReadGenlib() skipped cell "sky130_fd_sc_hd__decap_6" without logic function.
ABC: Scl_LibertyReadGenlib() skipped cell "sky130_fd_sc_hd__decap_8" without logic function.
ABC: Scl_LibertyReadGenlib() skipped sequential cell "sky130_fd_sc_hd__dfbbn_1".
ABC: Scl_LibertyReadGenlib() skipped sequential cell "sky130_fd_sc_hd__dfbbn_2".
ABC: Scl_LibertyReadGenlib() skipped sequential cell "sky130_fd_sc_hd__dfbbp_1".
ABC: Scl_LibertyReadGenlib() skipped sequential cell "sky130_fd_sc_hd__dfrbp_1".
ABC: Scl_LibertyReadGenlib() skipped sequential cell "sky130_fd_sc_hd__dfrbp_2".
ABC: Scl_LibertyReadGenlib() skipped sequential cell "sky130_fd_sc_hd__dfrtn_1".
ABC: Scl_LibertyReadGenlib() skipped sequential cell "sky130_fd_sc_hd__dfrtp_1".
ABC: Scl_LibertyReadGenlib() skipped sequential cell "sky130_fd_sc_hd__dfrtp_2".
ABC: Scl_LibertyReadGenlib() skipped sequential cell "sky130_fd_sc_hd__dfrtp_4".
ABC: Scl_LibertyReadGenlib() skipped sequential cell "sky130_fd_sc_hd__dfsbp_1".
ABC: Scl_LibertyReadGenlib() skipped sequential cell "sky130_fd_sc_hd__dfsbp_2".
ABC: Scl_LibertyReadGenlib() skipped sequential cell "sky130_fd_sc_hd__dfstp_1".
ABC: Scl_LibertyReadGenlib() skipped sequential cell "sky130_fd_sc_hd__dfstp_2".
ABC: Scl_LibertyReadGenlib() skipped sequential cell "sky130_fd_sc_hd__dfstp_4".
ABC: Scl_LibertyReadGenlib() skipped sequential cell "sky130_fd_sc_hd__dfxbp_1".
ABC: Scl_LibertyReadGenlib() skipped sequential cell "sky130_fd_sc_hd__dfxbp_2".
ABC: Scl_LibertyReadGenlib() skipped sequential cell "sky130_fd_sc_hd__dfxtp_1".
ABC: Scl_LibertyReadGenlib() skipped sequential cell "sky130_fd_sc_hd__dfxtp_2".
ABC: Scl_LibertyReadGenlib() skipped sequential cell "sky130_fd_sc_hd__dfxtp_4".
ABC: Scl_LibertyReadGenlib() skipped cell "sky130_fd_sc_hd__diode_2" without logic function.
ABC: Scl_LibertyReadGenlib() skipped cell "sky130_fd_sc_hd__dlclkp_1" without logic function.
ABC: Scl_LibertyReadGenlib() skipped cell "sky130_fd_sc_hd__dlclkp_2" without logic function.
ABC: Scl_LibertyReadGenlib() skipped cell "sky130_fd_sc_hd__dlclkp_4" without logic function.
ABC: Scl_LibertyReadGenlib() skipped sequential cell "sky130_fd_sc_hd__dlrbn_1".
ABC: Scl_LibertyReadGenlib() skipped sequential cell "sky130_fd_sc_hd__dlrbn_2".
ABC: Scl_LibertyReadGenlib() skipped sequential cell "sky130_fd_sc_hd__dlrbp_1".
ABC: Scl_LibertyReadGenlib() skipped sequential cell "sky130_fd_sc_hd__dlrbp_2".
ABC: Scl_LibertyReadGenlib() skipped sequential cell "sky130_fd_sc_hd__dlrtn_1".
ABC: Scl_LibertyReadGenlib() skipped sequential cell "sky130_fd_sc_hd__dlrtn_2".
ABC: Scl_LibertyReadGenlib() skipped sequential cell "sky130_fd_sc_hd__dlrtn_4".
ABC: Scl_LibertyReadGenlib() skipped sequential cell "sky130_fd_sc_hd__dlrtp_1".
ABC: Scl_LibertyReadGenlib() skipped sequential cell "sky130_fd_sc_hd__dlrtp_2".
ABC: Scl_LibertyReadGenlib() skipped sequential cell "sky130_fd_sc_hd__dlrtp_4".
ABC: Scl_LibertyReadGenlib() skipped sequential cell "sky130_fd_sc_hd__dlxbn_1".
ABC: Scl_LibertyReadGenlib() skipped sequential cell "sky130_fd_sc_hd__dlxbn_2".
ABC: Scl_LibertyReadGenlib() skipped sequential cell "sky130_fd_sc_hd__dlxbp_1".
ABC: Scl_LibertyReadGenlib() skipped sequential cell "sky130_fd_sc_hd__dlxtn_1".
ABC: Scl_LibertyReadGenlib() skipped sequential cell "sky130_fd_sc_hd__dlxtn_2".
ABC: Scl_LibertyReadGenlib() skipped sequential cell "sky130_fd_sc_hd__dlxtn_4".
ABC: Scl_LibertyReadGenlib() skipped sequential cell "sky130_fd_sc_hd__dlxtp_1".
ABC: Scl_LibertyReadGenlib() skipped three-state cell "sky130_fd_sc_hd__ebufn_1".
ABC: Scl_LibertyReadGenlib() skipped three-state cell "sky130_fd_sc_hd__ebufn_2".
ABC: Scl_LibertyReadGenlib() skipped three-state cell "sky130_fd_sc_hd__ebufn_4".
ABC: Scl_LibertyReadGenlib() skipped three-state cell "sky130_fd_sc_hd__ebufn_8".
ABC: Scl_LibertyReadGenlib() skipped sequential cell "sky130_fd_sc_hd__edfxbp_1".
ABC: Scl_LibertyReadGenlib() skipped sequential cell "sky130_fd_sc_hd__edfxtp_1".
ABC: Scl_LibertyReadGenlib() skipped three-state cell "sky130_fd_sc_hd__einvn_0".
ABC: Scl_LibertyReadGenlib() skipped three-state cell "sky130_fd_sc_hd__einvn_1".
ABC: Scl_LibertyReadGenlib() skipped three-state cell "sky130_fd_sc_hd__einvn_2".
ABC: Scl_LibertyReadGenlib() skipped three-state cell "sky130_fd_sc_hd__einvn_4".
ABC: Scl_LibertyReadGenlib() skipped three-state cell "sky130_fd_sc_hd__einvn_8".
ABC: Scl_LibertyReadGenlib() skipped three-state cell "sky130_fd_sc_hd__einvp_1".
ABC: Scl_LibertyReadGenlib() skipped three-state cell "sky130_fd_sc_hd__einvp_2".
ABC: Scl_LibertyReadGenlib() skipped three-state cell "sky130_fd_sc_hd__einvp_4".
ABC: Scl_LibertyReadGenlib() skipped three-state cell "sky130_fd_sc_hd__einvp_8".
ABC: Scl_LibertyReadGenlib() skipped cell "sky130_fd_sc_hd__lpflow_bleeder_1" without logic function.
ABC: Scl_LibertyReadGenlib() skipped cell "sky130_fd_sc_hd__lpflow_decapkapwr_12" without logic function.
ABC: Scl_LibertyReadGenlib() skipped cell "sky130_fd_sc_hd__lpflow_decapkapwr_3" without logic function.
ABC: Scl_LibertyReadGenlib() skipped cell "sky130_fd_sc_hd__lpflow_decapkapwr_4" without logic function.
ABC: Scl_LibertyReadGenlib() skipped cell "sky130_fd_sc_hd__lpflow_decapkapwr_6" without logic function.
ABC: Scl_LibertyReadGenlib() skipped cell "sky130_fd_sc_hd__lpflow_decapkapwr_8" without logic function.
ABC: Scl_LibertyReadGenlib() skipped sequential cell "sky130_fd_sc_hd__lpflow_inputisolatch_1".
ABC: Scl_LibertyReadGenlib() skipped sequential cell "sky130_fd_sc_hd__sdfbbn_1".
ABC: Scl_LibertyReadGenlib() skipped sequential cell "sky130_fd_sc_hd__sdfbbn_2".
ABC: Scl_LibertyReadGenlib() skipped sequential cell "sky130_fd_sc_hd__sdfbbp_1".
ABC: Scl_LibertyReadGenlib() skipped sequential cell "sky130_fd_sc_hd__sdfrbp_1".
ABC: Scl_LibertyReadGenlib() skipped sequential cell "sky130_fd_sc_hd__sdfrbp_2".
ABC: Scl_LibertyReadGenlib() skipped sequential cell "sky130_fd_sc_hd__sdfrtn_1".
ABC: Scl_LibertyReadGenlib() skipped sequential cell "sky130_fd_sc_hd__sdfrtp_1".
ABC: Scl_LibertyReadGenlib() skipped sequential cell "sky130_fd_sc_hd__sdfrtp_2".
ABC: Scl_LibertyReadGenlib() skipped sequential cell "sky130_fd_sc_hd__sdfrtp_4".
ABC: Scl_LibertyReadGenlib() skipped sequential cell "sky130_fd_sc_hd__sdfsbp_1".
ABC: Scl_LibertyReadGenlib() skipped sequential cell "sky130_fd_sc_hd__sdfsbp_2".
ABC: Scl_LibertyReadGenlib() skipped sequential cell "sky130_fd_sc_hd__sdfstp_1".
ABC: Scl_LibertyReadGenlib() skipped sequential cell "sky130_fd_sc_hd__sdfstp_2".
ABC: Scl_LibertyReadGenlib() skipped sequential cell "sky130_fd_sc_hd__sdfstp_4".
ABC: Scl_LibertyReadGenlib() skipped sequential cell "sky130_fd_sc_hd__sdfxbp_1".
ABC: Scl_LibertyReadGenlib() skipped sequential cell "sky130_fd_sc_hd__sdfxbp_2".
ABC: Scl_LibertyReadGenlib() skipped sequential cell "sky130_fd_sc_hd__sdfxtp_1".
ABC: Scl_LibertyReadGenlib() skipped sequential cell "sky130_fd_sc_hd__sdfxtp_2".
ABC: Scl_LibertyReadGenlib() skipped sequential cell "sky130_fd_sc_hd__sdfxtp_4".
ABC: Scl_LibertyReadGenlib() skipped cell "sky130_fd_sc_hd__sdlclkp_1" without logic function.
ABC: Scl_LibertyReadGenlib() skipped cell "sky130_fd_sc_hd__sdlclkp_2" without logic function.
ABC: Scl_LibertyReadGenlib() skipped cell "sky130_fd_sc_hd__sdlclkp_4" without logic function.
ABC: Scl_LibertyReadGenlib() skipped sequential cell "sky130_fd_sc_hd__sedfxbp_1".
ABC: Scl_LibertyReadGenlib() skipped sequential cell "sky130_fd_sc_hd__sedfxbp_2".
ABC: Scl_LibertyReadGenlib() skipped sequential cell "sky130_fd_sc_hd__sedfxtp_1".
ABC: Scl_LibertyReadGenlib() skipped sequential cell "sky130_fd_sc_hd__sedfxtp_2".
ABC: Scl_LibertyReadGenlib() skipped sequential cell "sky130_fd_sc_hd__sedfxtp_4".
ABC: Library "sky130_fd_sc_hd__tt_025C_1v80" from "/Users/matthias/Documents/uni/vadl/chisel/vadl-hwsyn/yosys/lib/sky130_fd_sc_hd__tt_025C_1v80.lib" has 334 cells (94 skipped: 63 seq; 13 tri-state; 18 no func; 0 dont_use; 0 with 2 outputs; 0 with 3+ outputs).  Time =     0.09 sec
ABC: Memory =   19.85 MB. Time =     0.09 sec
ABC: Warning: Detected 9 multi-output cells (for example, "sky130_fd_sc_hd__fa_1").
ABC: + strash 
ABC: + &get -n 
ABC: + &fraig -x 
ABC: + &put 
ABC: + scorr 
ABC: Warning: The network is combinational (run "fraig" or "fraig_sweep").
ABC: + dc2 
ABC: + dretime 
ABC: + strash 
ABC: + &get -n 
ABC: + &dch -f 
ABC: + &nf 
ABC: + &put 
ABC: + write_blif <abc-temp-dir>/output.blif 

12.1.2. Re-integrating ABC results.
ABC RESULTS:   sky130_fd_sc_hd__a2111oi_0 cells:        3
ABC RESULTS:   sky130_fd_sc_hd__a211oi_1 cells:        5
ABC RESULTS:   sky130_fd_sc_hd__a21oi_1 cells:      100
ABC RESULTS:   sky130_fd_sc_hd__a22o_1 cells:        1
ABC RESULTS:   sky130_fd_sc_hd__a22oi_1 cells:        2
ABC RESULTS:   sky130_fd_sc_hd__a2bb2o_1 cells:        1
ABC RESULTS:   sky130_fd_sc_hd__a311o_1 cells:        1
ABC RESULTS:   sky130_fd_sc_hd__a311oi_1 cells:        4
ABC RESULTS:   sky130_fd_sc_hd__a31oi_1 cells:       11
ABC RESULTS:   sky130_fd_sc_hd__a32oi_1 cells:        1
ABC RESULTS:   sky130_fd_sc_hd__a41oi_1 cells:        2
ABC RESULTS:   sky130_fd_sc_hd__and2_0 cells:        5
ABC RESULTS:   sky130_fd_sc_hd__and3_1 cells:        4
ABC RESULTS:   sky130_fd_sc_hd__and3b_1 cells:        2
ABC RESULTS:   sky130_fd_sc_hd__and4_1 cells:        1
ABC RESULTS:   sky130_fd_sc_hd__and4b_1 cells:        1
ABC RESULTS:   sky130_fd_sc_hd__clkinv_1 cells:       70
ABC RESULTS:   sky130_fd_sc_hd__lpflow_inputiso1p_1 cells:        3
ABC RESULTS:   sky130_fd_sc_hd__mux2_1 cells:        1
ABC RESULTS:   sky130_fd_sc_hd__mux2i_1 cells:       82
ABC RESULTS:   sky130_fd_sc_hd__nand2_1 cells:       55
ABC RESULTS:   sky130_fd_sc_hd__nand2b_1 cells:        4
ABC RESULTS:   sky130_fd_sc_hd__nand3_1 cells:       22
ABC RESULTS:   sky130_fd_sc_hd__nand3b_1 cells:        3
ABC RESULTS:   sky130_fd_sc_hd__nand4_1 cells:       10
ABC RESULTS:   sky130_fd_sc_hd__nand4b_1 cells:        2
ABC RESULTS:   sky130_fd_sc_hd__nand4bb_1 cells:        2
ABC RESULTS:   sky130_fd_sc_hd__nor2_1 cells:      189
ABC RESULTS:   sky130_fd_sc_hd__nor3_1 cells:       93
ABC RESULTS:   sky130_fd_sc_hd__nor3b_1 cells:        1
ABC RESULTS:   sky130_fd_sc_hd__nor4_1 cells:       14
ABC RESULTS:   sky130_fd_sc_hd__nor4b_1 cells:        2
ABC RESULTS:   sky130_fd_sc_hd__o2111ai_1 cells:        1
ABC RESULTS:   sky130_fd_sc_hd__o211a_1 cells:        1
ABC RESULTS:   sky130_fd_sc_hd__o211ai_1 cells:        3
ABC RESULTS:   sky130_fd_sc_hd__o21a_1 cells:        1
ABC RESULTS:   sky130_fd_sc_hd__o21ai_0 cells:       71
ABC RESULTS:   sky130_fd_sc_hd__o21bai_1 cells:        1
ABC RESULTS:   sky130_fd_sc_hd__o221ai_1 cells:        2
ABC RESULTS:   sky130_fd_sc_hd__o311a_1 cells:        1
ABC RESULTS:   sky130_fd_sc_hd__o311ai_0 cells:        1
ABC RESULTS:   sky130_fd_sc_hd__o31a_1 cells:        1
ABC RESULTS:   sky130_fd_sc_hd__o31ai_1 cells:        5
ABC RESULTS:   sky130_fd_sc_hd__o32ai_1 cells:        1
ABC RESULTS:   sky130_fd_sc_hd__or3_1 cells:       12
ABC RESULTS:   sky130_fd_sc_hd__or3b_1 cells:        2
ABC RESULTS:   sky130_fd_sc_hd__or4_1 cells:       13
ABC RESULTS:   sky130_fd_sc_hd__or4b_1 cells:        1
ABC RESULTS:        internal signals:      740
ABC RESULTS:           input signals:      436
ABC RESULTS:          output signals:      212
Removing temp directory.
Removing global temp directory.

13. Printing statistics.

=== DECODE ===

        +----------Local Count, excluding submodules.
        |        +-Local Area, excluding submodules.
        |        | 
     1994        - wires
     5137        - wire bits
      100        - public wires
     1399        - public wire bits
       42        - ports
      480        - port bits
     1022 8.57E+03 cells
        3   26.275   sky130_fd_sc_hd__a2111oi_0
        5   37.536   sky130_fd_sc_hd__a211oi_1
      100   500.48   sky130_fd_sc_hd__a21oi_1
        1    8.758   sky130_fd_sc_hd__a22o_1
        2   15.014   sky130_fd_sc_hd__a22oi_1
        1    10.01   sky130_fd_sc_hd__a2bb2o_1
        1    10.01   sky130_fd_sc_hd__a311o_1
        4   35.034   sky130_fd_sc_hd__a311oi_1
       11   68.816   sky130_fd_sc_hd__a31oi_1
        1    8.758   sky130_fd_sc_hd__a32oi_1
        2   17.517   sky130_fd_sc_hd__a41oi_1
        5    31.28   sky130_fd_sc_hd__and2_0
        4   25.024   sky130_fd_sc_hd__and3_1
        2   17.517   sky130_fd_sc_hd__and3b_1
        1    8.758   sky130_fd_sc_hd__and4_1
        1    10.01   sky130_fd_sc_hd__and4b_1
       70  262.752   sky130_fd_sc_hd__clkinv_1
      208 4.16E+03   sky130_fd_sc_hd__dfxtp_1
        3   18.768   sky130_fd_sc_hd__lpflow_inputiso1p_1
        1   11.261   sky130_fd_sc_hd__mux2_1
       82  820.787   sky130_fd_sc_hd__mux2i_1
       55  206.448   sky130_fd_sc_hd__nand2_1
        4   25.024   sky130_fd_sc_hd__nand2b_1
       22  110.106   sky130_fd_sc_hd__nand3_1
        3   22.522   sky130_fd_sc_hd__nand3b_1
       10    62.56   sky130_fd_sc_hd__nand4_1
        2   17.517   sky130_fd_sc_hd__nand4b_1
        2   22.522   sky130_fd_sc_hd__nand4bb_1
      189   709.43   sky130_fd_sc_hd__nor2_1
       93  465.446   sky130_fd_sc_hd__nor3_1
        1    7.507   sky130_fd_sc_hd__nor3b_1
       14   87.584   sky130_fd_sc_hd__nor4_1
        2   17.517   sky130_fd_sc_hd__nor4b_1
        1    8.758   sky130_fd_sc_hd__o2111ai_1
        1    10.01   sky130_fd_sc_hd__o211a_1
        3   22.522   sky130_fd_sc_hd__o211ai_1
        1    7.507   sky130_fd_sc_hd__o21a_1
       71  355.341   sky130_fd_sc_hd__o21ai_0
        1    7.507   sky130_fd_sc_hd__o21bai_1
        2   17.517   sky130_fd_sc_hd__o221ai_1
        1    10.01   sky130_fd_sc_hd__o311a_1
        1    8.758   sky130_fd_sc_hd__o311ai_0
        1    8.758   sky130_fd_sc_hd__o31a_1
        5   37.536   sky130_fd_sc_hd__o31ai_1
        1    8.758   sky130_fd_sc_hd__o32ai_1
       12   75.072   sky130_fd_sc_hd__or3_1
        2   17.517   sky130_fd_sc_hd__or3b_1
       13   97.594   sky130_fd_sc_hd__or4_1
        1    10.01   sky130_fd_sc_hd__or4b_1

   Chip area for module '\DECODE': 8565.715200
     of which used for sequential elements: 4163.993600 (48.61%)

Removed 0 unused cells and 1087 unused wires.

14. Executing Verilog backend.

14.1. Executing BMUXMAP pass.

14.2. Executing DEMUXMAP pass.
Dumping module `\DECODE'.

End of script. Logfile hash: 5c78d0eb33, CPU: user 0.26s system 0.04s, MEM: 60.36 MB peak
Yosys 0.58 (git sha1 157aabb5831cc77d08346001c4a085f188d7c736, clang++ 17.0.0 -fPIC -O3)
Time spent: 48% 1x abc (0 sec), 7% 1x dfflibmap (0 sec), ...
