Startpoint: io_read_readMEM1_result_in_data[0] (input port clocked by core_clk)
Endpoint: io_readX0_result_in_enable (output port clocked by core_clk)
Path Group: core_clk
Path Type: max

  Delay    Time   Description
---------------------------------------------------------
   0.00    0.00   clock core_clk (rise edge)
   0.00    0.00   clock network delay (ideal)
   1.00    1.00 ^ input external delay
   0.00    1.00 ^ io_read_readMEM1_result_in_data[0] (in)
   1.37    2.37 ^ _0974_/Y (sky130_fd_sc_hd__nor4bb_1)
   0.54    2.91 v _1115_/Y (sky130_fd_sc_hd__nand4_1)
   0.40    3.31 ^ _1116_/Y (sky130_fd_sc_hd__nor3_1)
   0.17    3.48 ^ _1126_/Y (sky130_fd_sc_hd__nand3b_1)
   0.07    3.54 v _1143_/Y (sky130_fd_sc_hd__nor4_1)
   0.12    3.66 ^ _1645_/Y (sky130_fd_sc_hd__a31oi_1)
   0.13    3.79 ^ _1650_/X (sky130_fd_sc_hd__and3b_1)
   0.00    3.79 ^ io_readX0_result_in_enable (out)
           3.79   data arrival time

   5.00    5.00   clock core_clk (rise edge)
   0.00    5.00   clock network delay (ideal)
   0.00    5.00   clock reconvergence pessimism
  -1.00    4.00   output external delay
           4.00   data required time
---------------------------------------------------------
           4.00   data required time
          -3.79   data arrival time
---------------------------------------------------------
           0.21   slack (MET)
